// Jest Snapshot v1, https://goo.gl/fbAQLP

exports[`CallToActionCard rendering when message and footer provided 1`] = `
<div
  class="css-xtd6ws-call-to-action-card"
>
  <div
    class="css-m2iibx"
  >
    Click button bellow
  </div>
  <a
    href="http://dummy.link"
  >
    Click me
  </a>
  <div
    class="css-11lqfaj"
  >
    footer content
  </div>
</div>
`;

exports[`CallToActionCard rendering when message and no footer provided 1`] = `
<div
  class="css-xtd6ws-call-to-action-card"
>
  <div
    class="css-m2iibx"
  >
    Click button bellow
  </div>
  <a
    href="http://dummy.link"
  >
    Click me
  </a>
</div>
`;

exports[`CallToActionCard rendering when no message and footer provided 1`] = `
<div
  class="css-xtd6ws-call-to-action-card"
>
  <a
    href="http://dummy.link"
  >
    Click me
  </a>
</div>
`;
