// Jest Snapshot v1, https://goo.gl/fbAQLP

exports[`Render should render component 1`] = `
<div
  className="page-action-bar"
>
  <div
    className="gf-form gf-form--grow"
  >
    <FilterInput
      onChange={[MockFunction]}
      placeholder="Search by name or type"
      value=""
    />
  </div>
  <LinkButton
    href="some/url"
    target="_blank"
  >
    test
  </LinkButton>
</div>
`;
