ðŸŒŸ This was machine generated.  Do not edit. ðŸŒŸ

Frame[0] 
Name: js_libraries.csv
Dimensions: 4 Fields by 6 Rows
+-----------------+--------------------+----------------+----------------+
| Name: Library   | Name: Github Stars | Name: Forks    | Name: Watchers |
| Labels:         | Labels:            | Labels:        | Labels:        |
| Type: []*string | Type: []*int64     | Type: []*int64 | Type: []*int64 |
+-----------------+--------------------+----------------+----------------+
| React.js        | 169000             | 34000          | 6700           |
| Vue             | 184000             | 29100          | 6300           |
| Angular         | 73400              | 19300          | 3200           |
| JQuery          | 54900              | 20000          | 3300           |
| Meteor          | 42400              | 5200           | 1700           |
| Aurelia         | 11600              | 684            | 442            |
+-----------------+--------------------+----------------+----------------+


====== TEST DATA RESPONSE (arrow base64) ======
FRAME=QVJST1cxAAD/////WAIAABAAAAAAAAoADgAMAAsABAAKAAAAFAAAAAAAAAEDAAoADAAAAAgABAAKAAAACAAAAGAAAAACAAAAKAAAAAQAAAAs/v//CAAAAAwAAAAAAAAAAAAAAAUAAAByZWZJZAAAAEz+//8IAAAAHAAAABAAAABqc19saWJyYXJpZXMuY3N2AAAAAAQAAABuYW1lAAAAAAQAAABgAQAA1AAAAHAAAAAEAAAAwv7//xQAAABAAAAAQAAAAAAAAgFEAAAAAQAAAAQAAACw/v//CAAAABQAAAAIAAAAV2F0Y2hlcnMAAAAABAAAAG5hbWUAAAAAAAAAADT///8AAAABQAAAAAgAAABXYXRjaGVycwAAAAAq////FAAAADwAAAA8AAAAAAACAUAAAAABAAAABAAAABj///8IAAAAEAAAAAUAAABGb3JrcwAAAAQAAABuYW1lAAAAAAAAAACY////AAAAAUAAAAAFAAAARm9ya3MAAACK////FAAAAEQAAABMAAAAAAACAVAAAAABAAAABAAAAHj///8IAAAAGAAAAAwAAABHaXRodWIgU3RhcnMAAAAABAAAAG5hbWUAAAAAAAAAAAgADAAIAAcACAAAAAAAAAFAAAAADAAAAEdpdGh1YiBTdGFycwAAEgAYABQAEwASAAwAAAAIAAQAEgAAABQAAABEAAAASAAAAAAABQFEAAAAAQAAAAwAAAAIAAwACAAEAAgAAAAIAAAAEAAAAAcAAABMaWJyYXJ5AAQAAABuYW1lAAAAAAAAAAAEAAQABAAAAAcAAABMaWJyYXJ5AP////8oAQAAFAAAAAAAAAAMABYAFAATAAwABAAMAAAA2AAAAAAAAAAUAAAAAAAAAwMACgAYAAwACAAEAAoAAAAUAAAAqAAAAAYAAAAAAAAAAAAAAAkAAAAAAAAAAAAAAAAAAAAAAAAAAAAAAAAAAAAgAAAAAAAAACAAAAAAAAAAKAAAAAAAAABIAAAAAAAAAAAAAAAAAAAASAAAAAAAAAAwAAAAAAAAAHgAAAAAAAAAAAAAAAAAAAB4AAAAAAAAADAAAAAAAAAAqAAAAAAAAAAAAAAAAAAAAKgAAAAAAAAAMAAAAAAAAAAAAAAABAAAAAYAAAAAAAAAAAAAAAAAAAAGAAAAAAAAAAAAAAAAAAAABgAAAAAAAAAAAAAAAAAAAAYAAAAAAAAAAAAAAAAAAAAAAAAACAAAAAsAAAASAAAAGAAAAB4AAAAlAAAAAAAAAFJlYWN0LmpzVnVlQW5ndWxhckpRdWVyeU1ldGVvckF1cmVsaWEAAAAolAIAAAAAAMDOAgAAAAAAuB4BAAAAAAB01gAAAAAAAKClAAAAAAAAUC0AAAAAAADQhAAAAAAAAKxxAAAAAAAAZEsAAAAAAAAgTgAAAAAAAFAUAAAAAAAArAIAAAAAAAAsGgAAAAAAAJwYAAAAAAAAgAwAAAAAAADkDAAAAAAAAKQGAAAAAAAAugEAAAAAAAAQAAAADAAUABIADAAIAAQADAAAABAAAAAsAAAAPAAAAAAAAwABAAAAaAIAAAAAAAAwAQAAAAAAANgAAAAAAAAAAAAAAAAAAAAAAAAAAAAKAAwAAAAIAAQACgAAAAgAAABgAAAAAgAAACgAAAAEAAAALP7//wgAAAAMAAAAAAAAAAAAAAAFAAAAcmVmSWQAAABM/v//CAAAABwAAAAQAAAAanNfbGlicmFyaWVzLmNzdgAAAAAEAAAAbmFtZQAAAAAEAAAAYAEAANQAAABwAAAABAAAAML+//8UAAAAQAAAAEAAAAAAAAIBRAAAAAEAAAAEAAAAsP7//wgAAAAUAAAACAAAAFdhdGNoZXJzAAAAAAQAAABuYW1lAAAAAAAAAAA0////AAAAAUAAAAAIAAAAV2F0Y2hlcnMAAAAAKv///xQAAAA8AAAAPAAAAAAAAgFAAAAAAQAAAAQAAAAY////CAAAABAAAAAFAAAARm9ya3MAAAAEAAAAbmFtZQAAAAAAAAAAmP///wAAAAFAAAAABQAAAEZvcmtzAAAAiv///xQAAABEAAAATAAAAAAAAgFQAAAAAQAAAAQAAAB4////CAAAABgAAAAMAAAAR2l0aHViIFN0YXJzAAAAAAQAAABuYW1lAAAAAAAAAAAIAAwACAAHAAgAAAAAAAABQAAAAAwAAABHaXRodWIgU3RhcnMAABIAGAAUABMAEgAMAAAACAAEABIAAAAUAAAARAAAAEgAAAAAAAUBRAAAAAEAAAAMAAAACAAMAAgABAAIAAAACAAAABAAAAAHAAAATGlicmFyeQAEAAAAbmFtZQAAAAAAAAAABAAEAAQAAAAHAAAATGlicmFyeQCIAgAAQVJST1cx
