ðŸŒŸ This was machine generated.  Do not edit. ðŸŒŸ

Frame[0] {
    "type": "directory-listing",
    "pathSeparator": "/"
}
Name: 
Dimensions: 2 Fields by 6 Rows
+--------------------------+------------------+
| Name: name               | Name: media-type |
| Labels:                  | Labels:          |
| Type: []string           | Type: []string   |
+--------------------------+------------------+
| browser_marketshare.csv  |                  |
| flight_info_by_state.csv |                  |
| gdp_per_capita.csv       |                  |
| js_libraries.csv         |                  |
| population_by_state.csv  |                  |
| weight_height.csv        |                  |
+--------------------------+------------------+


====== TEST DATA RESPONSE (arrow base64) ======
FRAME=QVJST1cxAAD/////uAEAABAAAAAAAAoADgAMAAsABAAKAAAAFAAAAAAAAAEDAAoADAAAAAgABAAKAAAACAAAAKQAAAADAAAATAAAACgAAAAEAAAA0P7//wgAAAAMAAAAAAAAAAAAAAAFAAAAcmVmSWQAAADw/v//CAAAAAwAAAAAAAAAAAAAAAQAAABuYW1lAAAAABD///8IAAAAPAAAADAAAAB7InR5cGUiOiJkaXJlY3RvcnktbGlzdGluZyIsInBhdGhTZXBhcmF0b3IiOiIvIn0AAAAABAAAAG1ldGEAAAAAAgAAAHwAAAAEAAAAnv///xQAAABAAAAAQAAAAAAAAAU8AAAAAQAAAAQAAACM////CAAAABQAAAAKAAAAbWVkaWEtdHlwZQAABAAAAG5hbWUAAAAAAAAAAIj///8KAAAAbWVkaWEtdHlwZQAAAAASABgAFAAAABMADAAAAAgABAASAAAAFAAAAEQAAABIAAAAAAAABUQAAAABAAAADAAAAAgADAAIAAQACAAAAAgAAAAQAAAABAAAAG5hbWUAAAAABAAAAG5hbWUAAAAAAAAAAAQABAAEAAAABAAAAG5hbWUAAAAA/////9gAAAAUAAAAAAAAAAwAFgAUABMADAAEAAwAAADAAAAAAAAAABQAAAAAAAADAwAKABgADAAIAAQACgAAABQAAAB4AAAABgAAAAAAAAAAAAAABgAAAAAAAAAAAAAAAAAAAAAAAAAAAAAAAAAAACAAAAAAAAAAIAAAAAAAAACAAAAAAAAAAKAAAAAAAAAAAAAAAAAAAACgAAAAAAAAACAAAAAAAAAAwAAAAAAAAAAAAAAAAAAAAAAAAAACAAAABgAAAAAAAAAAAAAAAAAAAAYAAAAAAAAAAAAAAAAAAAAAAAAAFwAAAC8AAABBAAAAUQAAAGgAAAB5AAAAAAAAAGJyb3dzZXJfbWFya2V0c2hhcmUuY3N2ZmxpZ2h0X2luZm9fYnlfc3RhdGUuY3N2Z2RwX3Blcl9jYXBpdGEuY3N2anNfbGlicmFyaWVzLmNzdnBvcHVsYXRpb25fYnlfc3RhdGUuY3N2d2VpZ2h0X2hlaWdodC5jc3YAAAAAAAAAAAAAAAAAAAAAAAAAAAAAAAAAAAAAAAAAAAAAAAAAAAAQAAAADAAUABIADAAIAAQADAAAABAAAAAsAAAAPAAAAAAAAwABAAAAyAEAAAAAAADgAAAAAAAAAMAAAAAAAAAAAAAAAAAAAAAAAAAAAAAKAAwAAAAIAAQACgAAAAgAAACkAAAAAwAAAEwAAAAoAAAABAAAAND+//8IAAAADAAAAAAAAAAAAAAABQAAAHJlZklkAAAA8P7//wgAAAAMAAAAAAAAAAAAAAAEAAAAbmFtZQAAAAAQ////CAAAADwAAAAwAAAAeyJ0eXBlIjoiZGlyZWN0b3J5LWxpc3RpbmciLCJwYXRoU2VwYXJhdG9yIjoiLyJ9AAAAAAQAAABtZXRhAAAAAAIAAAB8AAAABAAAAJ7///8UAAAAQAAAAEAAAAAAAAAFPAAAAAEAAAAEAAAAjP///wgAAAAUAAAACgAAAG1lZGlhLXR5cGUAAAQAAABuYW1lAAAAAAAAAACI////CgAAAG1lZGlhLXR5cGUAAAAAEgAYABQAAAATAAwAAAAIAAQAEgAAABQAAABEAAAASAAAAAAAAAVEAAAAAQAAAAwAAAAIAAwACAAEAAgAAAAIAAAAEAAAAAQAAABuYW1lAAAAAAQAAABuYW1lAAAAAAAAAAAEAAQABAAAAAQAAABuYW1lAAAAAOgBAABBUlJPVzE=
