// Jest Snapshot v1, https://goo.gl/fbAQLP

exports[`Render should render component 1`] = `
<Page
  navModel={Object {}}
>
  <PageContents>
    <Form
      onSubmit={[Function]}
    >
      <Component />
    </Form>
  </PageContents>
</Page>
`;
