// Jest Snapshot v1, https://goo.gl/fbAQLP

exports[`UiFindInput rendering renders as expected 1`] = `
<UIInput
  autosize={null}
  onChange={[Function]}
  placeholder="Find..."
  suffix={<React.Fragment />}
/>
`;
