// Jest Snapshot v1, https://goo.gl/fbAQLP

exports[`Tooltip renders correctly 1`] = `
<a
  className="test-class"
  href="http://www.grafana.com"
  onMouseEnter={[Function]}
  onMouseLeave={[Function]}
>
  Link with tooltip
</a>
`;
