ðŸŒŸ This was machine generated.  Do not edit. ðŸŒŸ

Frame[0] 
Name: 
Dimensions: 8 Fields by 1 Rows
+-------------------------------+------------------+-----------------------+-----------------------+--------------------+--------------------+----------------------------+----------------------------+
| Name:                         | Name: ax         | Name: string_array[0] | Name: string_array[1] | Name: int_array[0] | Name: int_array[1] | Name: map_with_floats.key1 | Name: map_with_floats.key2 |
| Labels:                       | Labels:          | Labels:               | Labels:               | Labels:            | Labels:            | Labels:                    | Labels:                    |
| Type: []time.Time             | Type: []*float64 | Type: []*string       | Type: []*string       | Type: []*float64   | Type: []*float64   | Type: []*float64           | Type: []*float64           |
+-------------------------------+------------------+-----------------------+-----------------------+--------------------+--------------------+----------------------------+----------------------------+
| 2021-01-01 12:12:12 +0000 UTC | 1                | 1                     | 2                     | 1                  | 2                  | 2                          | 3                          |
+-------------------------------+------------------+-----------------------+-----------------------+--------------------+--------------------+----------------------------+----------------------------+


====== TEST DATA RESPONSE (arrow base64) ======
FRAME=QVJST1cxAAD/////KAQAABAAAAAAAAoADgAMAAsABAAKAAAAFAAAAAAAAAEDAAoADAAAAAgABAAKAAAACAAAAFAAAAACAAAAKAAAAAQAAABc/P//CAAAAAwAAAAAAAAAAAAAAAUAAAByZWZJZAAAAHz8//8IAAAADAAAAAAAAAAAAAAABAAAAG5hbWUAAAAACAAAAEADAADUAgAAUAIAAOQBAAB0AQAABAEAAIQAAAAEAAAAWv3//xQAAABMAAAATAAAAAAAAwFMAAAAAQAAAAQAAADg/P//CAAAACAAAAAUAAAAbWFwX3dpdGhfZmxvYXRzLmtleTIAAAAABAAAAG5hbWUAAAAAAAAAAOr8//8AAAIAFAAAAG1hcF93aXRoX2Zsb2F0cy5rZXkyAAAAANb9//8UAAAATAAAAEwAAAAAAAMBTAAAAAEAAAAEAAAAXP3//wgAAAAgAAAAFAAAAG1hcF93aXRoX2Zsb2F0cy5rZXkxAAAAAAQAAABuYW1lAAAAAAAAAABm/f//AAACABQAAABtYXBfd2l0aF9mbG9hdHMua2V5MQAAAABS/v//FAAAAEQAAABEAAAAAAADAUQAAAABAAAABAAAANj9//8IAAAAGAAAAAwAAABpbnRfYXJyYXlbMV0AAAAABAAAAG5hbWUAAAAAAAAAANr9//8AAAIADAAAAGludF9hcnJheVsxXQAAAAC+/v//FAAAAEQAAABEAAAAAAADAUQAAAABAAAABAAAAET+//8IAAAAGAAAAAwAAABpbnRfYXJyYXlbMF0AAAAABAAAAG5hbWUAAAAAAAAAAEb+//8AAAIADAAAAGludF9hcnJheVswXQAAAAAq////FAAAAEQAAABEAAAAAAAFAUAAAAABAAAABAAAALD+//8IAAAAGAAAAA8AAABzdHJpbmdfYXJyYXlbMV0ABAAAAG5hbWUAAAAAAAAAAJj///8PAAAAc3RyaW5nX2FycmF5WzFdAJL///8UAAAARAAAAEgAAAAAAAUBRAAAAAEAAAAEAAAAGP///wgAAAAYAAAADwAAAHN0cmluZ19hcnJheVswXQAEAAAAbmFtZQAAAAAAAAAABAAEAAQAAAAPAAAAc3RyaW5nX2FycmF5WzBdAAAAEgAYABQAEwASAAwAAAAIAAQAEgAAABQAAAA4AAAAOAAAAAAAAwE4AAAAAQAAAAQAAACY////CAAAAAwAAAACAAAAYXgAAAQAAABuYW1lAAAAAAAAAACO////AAACAAIAAABheAAAAAASABgAFAAAABMADAAAAAgABAASAAAAFAAAAEAAAABIAAAAAAAACkgAAAABAAAADAAAAAgADAAIAAQACAAAAAgAAAAMAAAAAAAAAAAAAAAEAAAAbmFtZQAAAAAAAAAAAAAGAAgABgAGAAAAAAADAAAAAAAAAAAA//////gBAAAUAAAAAAAAAAwAFgAUABMADAAEAAwAAABQAAAAAAAAABQAAAAAAAADAwAKABgADAAIAAQACgAAABQAAAA4AQAAAQAAAAAAAAAAAAAAEgAAAAAAAAAAAAAAAAAAAAAAAAAAAAAAAAAAAAgAAAAAAAAACAAAAAAAAAAAAAAAAAAAAAgAAAAAAAAACAAAAAAAAAAQAAAAAAAAAAAAAAAAAAAAEAAAAAAAAAAIAAAAAAAAABgAAAAAAAAACAAAAAAAAAAgAAAAAAAAAAAAAAAAAAAAIAAAAAAAAAAIAAAAAAAAACgAAAAAAAAACAAAAAAAAAAwAAAAAAAAAAAAAAAAAAAAMAAAAAAAAAAIAAAAAAAAADgAAAAAAAAAAAAAAAAAAAA4AAAAAAAAAAgAAAAAAAAAQAAAAAAAAAAAAAAAAAAAAEAAAAAAAAAACAAAAAAAAABIAAAAAAAAAAAAAAAAAAAASAAAAAAAAAAIAAAAAAAAAAAAAAAIAAAAAQAAAAAAAAAAAAAAAAAAAAEAAAAAAAAAAAAAAAAAAAABAAAAAAAAAAAAAAAAAAAAAQAAAAAAAAAAAAAAAAAAAAEAAAAAAAAAAAAAAAAAAAABAAAAAAAAAAAAAAAAAAAAAQAAAAAAAAAAAAAAAAAAAAEAAAAAAAAAAAAAAAAAAAAAGL0vkhpWFgAAAAAAAPA/AAAAAAEAAAAxAAAAAAAAAAAAAAABAAAAMgAAAAAAAAAAAAAAAADwPwAAAAAAAABAAAAAAAAAAEAAAAAAAAAIQBAAAAAMABQAEgAMAAgABAAMAAAAEAAAACwAAAA8AAAAAAADAAEAAAA4BAAAAAAAAAACAAAAAAAAUAAAAAAAAAAAAAAAAAAAAAAAAAAAAAoADAAAAAgABAAKAAAACAAAAFAAAAACAAAAKAAAAAQAAABc/P//CAAAAAwAAAAAAAAAAAAAAAUAAAByZWZJZAAAAHz8//8IAAAADAAAAAAAAAAAAAAABAAAAG5hbWUAAAAACAAAAEADAADUAgAAUAIAAOQBAAB0AQAABAEAAIQAAAAEAAAAWv3//xQAAABMAAAATAAAAAAAAwFMAAAAAQAAAAQAAADg/P//CAAAACAAAAAUAAAAbWFwX3dpdGhfZmxvYXRzLmtleTIAAAAABAAAAG5hbWUAAAAAAAAAAOr8//8AAAIAFAAAAG1hcF93aXRoX2Zsb2F0cy5rZXkyAAAAANb9//8UAAAATAAAAEwAAAAAAAMBTAAAAAEAAAAEAAAAXP3//wgAAAAgAAAAFAAAAG1hcF93aXRoX2Zsb2F0cy5rZXkxAAAAAAQAAABuYW1lAAAAAAAAAABm/f//AAACABQAAABtYXBfd2l0aF9mbG9hdHMua2V5MQAAAABS/v//FAAAAEQAAABEAAAAAAADAUQAAAABAAAABAAAANj9//8IAAAAGAAAAAwAAABpbnRfYXJyYXlbMV0AAAAABAAAAG5hbWUAAAAAAAAAANr9//8AAAIADAAAAGludF9hcnJheVsxXQAAAAC+/v//FAAAAEQAAABEAAAAAAADAUQAAAABAAAABAAAAET+//8IAAAAGAAAAAwAAABpbnRfYXJyYXlbMF0AAAAABAAAAG5hbWUAAAAAAAAAAEb+//8AAAIADAAAAGludF9hcnJheVswXQAAAAAq////FAAAAEQAAABEAAAAAAAFAUAAAAABAAAABAAAALD+//8IAAAAGAAAAA8AAABzdHJpbmdfYXJyYXlbMV0ABAAAAG5hbWUAAAAAAAAAAJj///8PAAAAc3RyaW5nX2FycmF5WzFdAJL///8UAAAARAAAAEgAAAAAAAUBRAAAAAEAAAAEAAAAGP///wgAAAAYAAAADwAAAHN0cmluZ19hcnJheVswXQAEAAAAbmFtZQAAAAAAAAAABAAEAAQAAAAPAAAAc3RyaW5nX2FycmF5WzBdAAAAEgAYABQAEwASAAwAAAAIAAQAEgAAABQAAAA4AAAAOAAAAAAAAwE4AAAAAQAAAAQAAACY////CAAAAAwAAAACAAAAYXgAAAQAAABuYW1lAAAAAAAAAACO////AAACAAIAAABheAAAAAASABgAFAAAABMADAAAAAgABAASAAAAFAAAAEAAAABIAAAAAAAACkgAAAABAAAADAAAAAgADAAIAAQACAAAAAgAAAAMAAAAAAAAAAAAAAAEAAAAbmFtZQAAAAAAAAAAAAAGAAgABgAGAAAAAAADAAAAAAAAAAAAWAQAAEFSUk9XMQ==
