ðŸŒŸ This was machine generated.  Do not edit. ðŸŒŸ

Frame[0] 
Name: 
Dimensions: 3 Fields by 1 Rows
+-------------------------------+------------------+----------------------------+
| Name: time                    | Name: ax         | Name: key1                 |
| Labels:                       | Labels:          | Labels: label1=3, label2=3 |
| Type: []time.Time             | Type: []*float64 | Type: []*float64           |
+-------------------------------+------------------+----------------------------+
| 2021-01-01 12:12:12 +0000 UTC | 1                | 2                          |
+-------------------------------+------------------+----------------------------+


====== TEST DATA RESPONSE (arrow base64) ======
FRAME=QVJST1cxAAD/////WAIAABAAAAAAAAoADgAMAAsABAAKAAAAFAAAAAAAAAEDAAoADAAAAAgABAAKAAAACAAAAFAAAAACAAAAKAAAAAQAAAA0/v//CAAAAAwAAAAAAAAAAAAAAAUAAAByZWZJZAAAAFT+//8IAAAADAAAAAAAAAAAAAAABAAAAG5hbWUAAAAAAwAAAEABAACwAAAABAAAAGr///8UAAAAeAAAAHgAAAAAAAMBeAAAAAIAAAAsAAAABAAAAKj+//8IAAAAEAAAAAQAAABrZXkxAAAAAAQAAABuYW1lAAAAAMz+//8IAAAAJAAAABsAAAB7ImxhYmVsMSI6IjMiLCJsYWJlbDIiOiIzIn0ABgAAAGxhYmVscwAAAAAAANr+//8AAAIABAAAAGtleTEAABIAGAAUABMAEgAMAAAACAAEABIAAAAUAAAAXAAAAFwAAAAAAAMBXAAAAAIAAAAoAAAABAAAAFD///8IAAAADAAAAAIAAABheAAABAAAAG5hbWUAAAAAcP///wgAAAAMAAAAAgAAAHt9AAAGAAAAbGFiZWxzAAAAAAAAZv///wAAAgACAAAAYXgAAAAAEgAYABQAAAATAAwAAAAIAAQAEgAAABQAAABoAAAAcAAAAAAAAApwAAAAAgAAADQAAAAEAAAA3P///wgAAAAQAAAABAAAAHRpbWUAAAAABAAAAG5hbWUAAAAACAAMAAgABAAIAAAACAAAAAwAAAACAAAAe30AAAYAAABsYWJlbHMAAAAAAAAAAAYACAAGAAYAAAAAAAMABAAAAHRpbWUAAAAAAAAAAP/////oAAAAFAAAAAAAAAAMABYAFAATAAwABAAMAAAAGAAAAAAAAAAUAAAAAAAAAwMACgAYAAwACAAEAAoAAAAUAAAAeAAAAAEAAAAAAAAAAAAAAAYAAAAAAAAAAAAAAAAAAAAAAAAAAAAAAAAAAAAIAAAAAAAAAAgAAAAAAAAAAAAAAAAAAAAIAAAAAAAAAAgAAAAAAAAAEAAAAAAAAAAAAAAAAAAAABAAAAAAAAAACAAAAAAAAAAAAAAAAwAAAAEAAAAAAAAAAAAAAAAAAAABAAAAAAAAAAAAAAAAAAAAAQAAAAAAAAAAAAAAAAAAAAAYvS+SGlYWAAAAAAAA8D8AAAAAAAAAQBAAAAAMABQAEgAMAAgABAAMAAAAEAAAACwAAAA4AAAAAAADAAEAAABoAgAAAAAAAPAAAAAAAAAAGAAAAAAAAAAAAAAAAAAAAAAACgAMAAAACAAEAAoAAAAIAAAAUAAAAAIAAAAoAAAABAAAADT+//8IAAAADAAAAAAAAAAAAAAABQAAAHJlZklkAAAAVP7//wgAAAAMAAAAAAAAAAAAAAAEAAAAbmFtZQAAAAADAAAAQAEAALAAAAAEAAAAav///xQAAAB4AAAAeAAAAAAAAwF4AAAAAgAAACwAAAAEAAAAqP7//wgAAAAQAAAABAAAAGtleTEAAAAABAAAAG5hbWUAAAAAzP7//wgAAAAkAAAAGwAAAHsibGFiZWwxIjoiMyIsImxhYmVsMiI6IjMifQAGAAAAbGFiZWxzAAAAAAAA2v7//wAAAgAEAAAAa2V5MQAAEgAYABQAEwASAAwAAAAIAAQAEgAAABQAAABcAAAAXAAAAAAAAwFcAAAAAgAAACgAAAAEAAAAUP///wgAAAAMAAAAAgAAAGF4AAAEAAAAbmFtZQAAAABw////CAAAAAwAAAACAAAAe30AAAYAAABsYWJlbHMAAAAAAABm////AAACAAIAAABheAAAAAASABgAFAAAABMADAAAAAgABAASAAAAFAAAAGgAAABwAAAAAAAACnAAAAACAAAANAAAAAQAAADc////CAAAABAAAAAEAAAAdGltZQAAAAAEAAAAbmFtZQAAAAAIAAwACAAEAAgAAAAIAAAADAAAAAIAAAB7fQAABgAAAGxhYmVscwAAAAAAAAAABgAIAAYABgAAAAAAAwAEAAAAdGltZQAAAACAAgAAQVJST1cx
