ðŸŒŸ This was machine generated.  Do not edit. ðŸŒŸ

Frame[0] 
Name: mixed
Dimensions: 4 Fields by 2 Rows
+---------------+-----------------+-----------------+----------------+
| Name: Field1  | Name: Field2    | Name: Field3    | Name: 123      |
| Labels:       | Labels:         | Labels:         | Labels:        |
| Type: []*bool | Type: []*string | Type: []*string | Type: []*int64 |
+---------------+-----------------+-----------------+----------------+
| true          | Hello           | 6               | null           |
| false         | 6               | World           | 6              |
+---------------+-----------------+-----------------+----------------+


====== TEST DATA RESPONSE (arrow base64) ======
FRAME=QVJST1cxAAD/////IAIAABAAAAAAAAoADgAMAAsABAAKAAAAFAAAAAAAAAEDAAoADAAAAAgABAAKAAAACAAAAFQAAAACAAAAKAAAAAQAAABk/v//CAAAAAwAAAAAAAAAAAAAAAUAAAByZWZJZAAAAIT+//8IAAAAEAAAAAUAAABtaXhlZAAAAAQAAABuYW1lAAAAAAQAAAA0AQAAxAAAAGgAAAAEAAAA7v7//xQAAAA4AAAAQAAAAAAAAgFEAAAAAQAAAAQAAADc/v//CAAAAAwAAAADAAAAMTIzAAQAAABuYW1lAAAAAAAAAAAIAAwACAAHAAgAAAAAAAABQAAAAAMAAAAxMjMATv///xQAAAA8AAAAPAAAAAAABQE4AAAAAQAAAAQAAAA8////CAAAABAAAAAGAAAARmllbGQzAAAEAAAAbmFtZQAAAAAAAAAANP///wYAAABGaWVsZDMAAKb///8UAAAAPAAAADwAAAAAAAUBOAAAAAEAAAAEAAAAlP///wgAAAAQAAAABgAAAEZpZWxkMgAABAAAAG5hbWUAAAAAAAAAAIz///8GAAAARmllbGQyAAAAABIAGAAUABMAEgAMAAAACAAEABIAAAAUAAAARAAAAEgAAAAAAAYBRAAAAAEAAAAMAAAACAAMAAgABAAIAAAACAAAABAAAAAGAAAARmllbGQxAAAEAAAAbmFtZQAAAAAAAAAABAAEAAQAAAAGAAAARmllbGQxAAD/////OAEAABQAAAAAAAAADAAWABQAEwAMAAQADAAAAFAAAAAAAAAAFAAAAAAAAAMDAAoAGAAMAAgABAAKAAAAFAAAALgAAAACAAAAAAAAAAAAAAAKAAAAAAAAAAAAAAAAAAAAAAAAAAAAAAAAAAAACAAAAAAAAAAIAAAAAAAAAAAAAAAAAAAACAAAAAAAAAAQAAAAAAAAABgAAAAAAAAACAAAAAAAAAAgAAAAAAAAAAAAAAAAAAAAIAAAAAAAAAAQAAAAAAAAADAAAAAAAAAACAAAAAAAAAA4AAAAAAAAAAgAAAAAAAAAQAAAAAAAAAAQAAAAAAAAAAAAAAAEAAAAAgAAAAAAAAAAAAAAAAAAAAIAAAAAAAAAAAAAAAAAAAACAAAAAAAAAAAAAAAAAAAAAgAAAAAAAAABAAAAAAAAAAEAAAAAAAAAAAAAAAUAAAAGAAAAAAAAAEhlbGxvNgAAAAAAAAEAAAAGAAAAAAAAADZXb3JsZAAAAgAAAAAAAAAAAAAAAAAAAAYAAAAAAAAAEAAAAAwAFAASAAwACAAEAAwAAAAQAAAALAAAADwAAAAAAAMAAQAAADACAAAAAAAAQAEAAAAAAABQAAAAAAAAAAAAAAAAAAAAAAAAAAAACgAMAAAACAAEAAoAAAAIAAAAVAAAAAIAAAAoAAAABAAAAGT+//8IAAAADAAAAAAAAAAAAAAABQAAAHJlZklkAAAAhP7//wgAAAAQAAAABQAAAG1peGVkAAAABAAAAG5hbWUAAAAABAAAADQBAADEAAAAaAAAAAQAAADu/v//FAAAADgAAABAAAAAAAACAUQAAAABAAAABAAAANz+//8IAAAADAAAAAMAAAAxMjMABAAAAG5hbWUAAAAAAAAAAAgADAAIAAcACAAAAAAAAAFAAAAAAwAAADEyMwBO////FAAAADwAAAA8AAAAAAAFATgAAAABAAAABAAAADz///8IAAAAEAAAAAYAAABGaWVsZDMAAAQAAABuYW1lAAAAAAAAAAA0////BgAAAEZpZWxkMwAApv///xQAAAA8AAAAPAAAAAAABQE4AAAAAQAAAAQAAACU////CAAAABAAAAAGAAAARmllbGQyAAAEAAAAbmFtZQAAAAAAAAAAjP///wYAAABGaWVsZDIAAAAAEgAYABQAEwASAAwAAAAIAAQAEgAAABQAAABEAAAASAAAAAAABgFEAAAAAQAAAAwAAAAIAAwACAAEAAgAAAAIAAAAEAAAAAYAAABGaWVsZDEAAAQAAABuYW1lAAAAAAAAAAAEAAQABAAAAAYAAABGaWVsZDEAAFACAABBUlJPVzE=
