ðŸŒŸ This was machine generated.  Do not edit. ðŸŒŸ

Frame[0] 
Name: simple
Dimensions: 5 Fields by 2 Rows
+-----------------+----------------+----------------+------------------+-------------------------------+
| Name: Field1    | Name: Field2   | Name: Field3   | Name: Float      | Name: Time                    |
| Labels:         | Labels:        | Labels:        | Labels:          | Labels:                       |
| Type: []*string | Type: []*int64 | Type: []*int64 | Type: []*float64 | Type: []*time.Time            |
+-----------------+----------------+----------------+------------------+-------------------------------+
| A               | 5              | 6              | 6.7              | 2021-05-25 23:56:40 +0000 UTC |
| B               | 6              | 7              | 8.9              | 2021-05-26 00:13:20 +0000 UTC |
+-----------------+----------------+----------------+------------------+-------------------------------+


====== TEST DATA RESPONSE (arrow base64) ======
FRAME=QVJST1cxAAD/////oAIAABAAAAAAAAoADgAMAAsABAAKAAAAFAAAAAAAAAEDAAoADAAAAAgABAAKAAAACAAAAFQAAAACAAAAKAAAAAQAAADo/f//CAAAAAwAAAAAAAAAAAAAAAUAAAByZWZJZAAAAAj+//8IAAAAEAAAAAYAAABzaW1wbGUAAAQAAABuYW1lAAAAAAUAAACwAQAAMAEAAMwAAABkAAAABAAAAHb+//8UAAAAPAAAADwAAAAAAAoBPAAAAAEAAAAEAAAAZP7//wgAAAAQAAAABAAAAFRpbWUAAAAABAAAAG5hbWUAAAAAAAAAAKL///8AAAMABAAAAFRpbWUAAAAA0v7//xQAAAA8AAAARAAAAAAAAwFEAAAAAQAAAAQAAADA/v//CAAAABAAAAAFAAAARmxvYXQAAAAEAAAAbmFtZQAAAAAAAAAAAAAGAAgABgAGAAAAAAACAAUAAABGbG9hdAAAADb///8UAAAAPAAAADwAAAAAAAIBQAAAAAEAAAAEAAAAJP///wgAAAAQAAAABgAAAEZpZWxkMwAABAAAAG5hbWUAAAAAAAAAAKD///8AAAABQAAAAAYAAABGaWVsZDMAAJb///8UAAAAPAAAAEQAAAAAAAIBSAAAAAEAAAAEAAAAhP///wgAAAAQAAAABgAAAEZpZWxkMgAABAAAAG5hbWUAAAAAAAAAAAgADAAIAAcACAAAAAAAAAFAAAAABgAAAEZpZWxkMgAAAAASABgAFAATABIADAAAAAgABAASAAAAFAAAAEQAAABIAAAAAAAFAUQAAAABAAAADAAAAAgADAAIAAQACAAAAAgAAAAQAAAABgAAAEZpZWxkMQAABAAAAG5hbWUAAAAAAAAAAAQABAAEAAAABgAAAEZpZWxkMQAAAAAAAP////9YAQAAFAAAAAAAAAAMABYAFAATAAwABAAMAAAAWAAAAAAAAAAUAAAAAAAAAwMACgAYAAwACAAEAAoAAAAUAAAAyAAAAAIAAAAAAAAAAAAAAAsAAAAAAAAAAAAAAAAAAAAAAAAAAAAAAAAAAAAQAAAAAAAAABAAAAAAAAAACAAAAAAAAAAYAAAAAAAAAAAAAAAAAAAAGAAAAAAAAAAQAAAAAAAAACgAAAAAAAAAAAAAAAAAAAAoAAAAAAAAABAAAAAAAAAAOAAAAAAAAAAAAAAAAAAAADgAAAAAAAAAEAAAAAAAAABIAAAAAAAAAAAAAAAAAAAASAAAAAAAAAAQAAAAAAAAAAAAAAAFAAAAAgAAAAAAAAAAAAAAAAAAAAIAAAAAAAAAAAAAAAAAAAACAAAAAAAAAAAAAAAAAAAAAgAAAAAAAAAAAAAAAAAAAAIAAAAAAAAAAAAAAAAAAAAAAAAAAQAAAAIAAAAAAAAAQUIAAAAAAAAFAAAAAAAAAAYAAAAAAAAABgAAAAAAAAAHAAAAAAAAAM3MzMzMzBpAzczMzMzMIUAAME01lXSCFgBA8gl+dYIWEAAAAAwAFAASAAwACAAEAAwAAAAQAAAALAAAADgAAAAAAAMAAQAAALACAAAAAAAAYAEAAAAAAABYAAAAAAAAAAAAAAAAAAAAAAAKAAwAAAAIAAQACgAAAAgAAABUAAAAAgAAACgAAAAEAAAA6P3//wgAAAAMAAAAAAAAAAAAAAAFAAAAcmVmSWQAAAAI/v//CAAAABAAAAAGAAAAc2ltcGxlAAAEAAAAbmFtZQAAAAAFAAAAsAEAADABAADMAAAAZAAAAAQAAAB2/v//FAAAADwAAAA8AAAAAAAKATwAAAABAAAABAAAAGT+//8IAAAAEAAAAAQAAABUaW1lAAAAAAQAAABuYW1lAAAAAAAAAACi////AAADAAQAAABUaW1lAAAAANL+//8UAAAAPAAAAEQAAAAAAAMBRAAAAAEAAAAEAAAAwP7//wgAAAAQAAAABQAAAEZsb2F0AAAABAAAAG5hbWUAAAAAAAAAAAAABgAIAAYABgAAAAAAAgAFAAAARmxvYXQAAAA2////FAAAADwAAAA8AAAAAAACAUAAAAABAAAABAAAACT///8IAAAAEAAAAAYAAABGaWVsZDMAAAQAAABuYW1lAAAAAAAAAACg////AAAAAUAAAAAGAAAARmllbGQzAACW////FAAAADwAAABEAAAAAAACAUgAAAABAAAABAAAAIT///8IAAAAEAAAAAYAAABGaWVsZDIAAAQAAABuYW1lAAAAAAAAAAAIAAwACAAHAAgAAAAAAAABQAAAAAYAAABGaWVsZDIAAAAAEgAYABQAEwASAAwAAAAIAAQAEgAAABQAAABEAAAASAAAAAAABQFEAAAAAQAAAAwAAAAIAAwACAAEAAgAAAAIAAAAEAAAAAYAAABGaWVsZDEAAAQAAABuYW1lAAAAAAAAAAAEAAQABAAAAAYAAABGaWVsZDEAAMgCAABBUlJPVzE=
