ðŸŒŸ This was machine generated.  Do not edit. ðŸŒŸ

Frame[0] {}
Name: 
Dimensions: 2 Fields by 3 Rows
+-------------------------------+--------------------------+
| Name: Time                    | Name: Value              |
| Labels:                       | Labels: host=hostname.ru |
| Type: []*time.Time            | Type: []*float64         |
+-------------------------------+--------------------------+
| 2020-06-05 12:06:00 +0000 UTC | 8.291                    |
| 2020-06-05 12:07:00 +0000 UTC | 0.534                    |
| 2020-06-05 12:08:00 +0000 UTC | 0.667                    |
+-------------------------------+--------------------------+


====== TEST DATA RESPONSE (arrow base64) ======
FRAME=QVJST1cxAAD/////wAEAABAAAAAAAAoADgAMAAsABAAKAAAAFAAAAAAAAAEDAAoADAAAAAgABAAKAAAACAAAAHQAAAADAAAATAAAACgAAAAEAAAA0P7//wgAAAAMAAAAAAAAAAAAAAAFAAAAcmVmSWQAAADw/v//CAAAAAwAAAAAAAAAAAAAAAQAAABuYW1lAAAAABD///8IAAAADAAAAAIAAAB7fQAABAAAAG1ldGEAAAAAAgAAAKwAAAAEAAAAbv///xQAAAB0AAAAdAAAAAAAAwF0AAAAAgAAACwAAAAEAAAAYP///wgAAAAQAAAABQAAAFZhbHVlAAAABAAAAG5hbWUAAAAAhP///wgAAAAgAAAAFgAAAHsiaG9zdCI6Imhvc3RuYW1lLnJ1In0AAAYAAABsYWJlbHMAAAAAAACK////AAACAAUAAABWYWx1ZQASABgAFAATABIADAAAAAgABAASAAAAFAAAAEQAAABMAAAAAAAKAUwAAAABAAAADAAAAAgADAAIAAQACAAAAAgAAAAQAAAABAAAAFRpbWUAAAAABAAAAG5hbWUAAAAAAAAAAAAABgAIAAYABgAAAAAAAwAEAAAAVGltZQAAAAD/////uAAAABQAAAAAAAAADAAWABQAEwAMAAQADAAAADAAAAAAAAAAFAAAAAAAAAMDAAoAGAAMAAgABAAKAAAAFAAAAFgAAAADAAAAAAAAAAAAAAAEAAAAAAAAAAAAAAAAAAAAAAAAAAAAAAAAAAAAGAAAAAAAAAAYAAAAAAAAAAAAAAAAAAAAGAAAAAAAAAAYAAAAAAAAAAAAAAACAAAAAwAAAAAAAAAAAAAAAAAAAAMAAAAAAAAAAAAAAAAAAAAAkAFgXKQVFgDoSFhqpBUWAECQUHikFRaiRbbz/ZQgQEoMAiuHFuE/8tJNYhBY5T8QAAAADAAUABIADAAIAAQADAAAABAAAAAsAAAAPAAAAAAAAwABAAAA0AEAAAAAAADAAAAAAAAAADAAAAAAAAAAAAAAAAAAAAAAAAAAAAAKAAwAAAAIAAQACgAAAAgAAAB0AAAAAwAAAEwAAAAoAAAABAAAAND+//8IAAAADAAAAAAAAAAAAAAABQAAAHJlZklkAAAA8P7//wgAAAAMAAAAAAAAAAAAAAAEAAAAbmFtZQAAAAAQ////CAAAAAwAAAACAAAAe30AAAQAAABtZXRhAAAAAAIAAACsAAAABAAAAG7///8UAAAAdAAAAHQAAAAAAAMBdAAAAAIAAAAsAAAABAAAAGD///8IAAAAEAAAAAUAAABWYWx1ZQAAAAQAAABuYW1lAAAAAIT///8IAAAAIAAAABYAAAB7Imhvc3QiOiJob3N0bmFtZS5ydSJ9AAAGAAAAbGFiZWxzAAAAAAAAiv///wAAAgAFAAAAVmFsdWUAEgAYABQAEwASAAwAAAAIAAQAEgAAABQAAABEAAAATAAAAAAACgFMAAAAAQAAAAwAAAAIAAwACAAEAAgAAAAIAAAAEAAAAAQAAABUaW1lAAAAAAQAAABuYW1lAAAAAAAAAAAAAAYACAAGAAYAAAAAAAMABAAAAFRpbWUAAAAA8AEAAEFSUk9XMQ==
