ðŸŒŸ This was machine generated.  Do not edit. ðŸŒŸ

Frame[0] {}
Name: x
Dimensions: 2 Fields by 2 Rows
+---------------------------------+------------------------+
| Name: Time                      | Name: exitcode         |
| Labels:                         | Labels: direction=left |
| Type: []*time.Time              | Type: []*bool          |
+---------------------------------+------------------------+
| 2021-05-20 09:35:39.6 +0000 UTC | true                   |
| 2021-05-20 09:35:43 +0000 UTC   | false                  |
+---------------------------------+------------------------+



Frame[1] 
Name: x
Dimensions: 2 Fields by 2 Rows
+---------------------------------+-------------------------+
| Name: Time                      | Name: exitcode          |
| Labels:                         | Labels: direction=right |
| Type: []*time.Time              | Type: []*bool           |
+---------------------------------+-------------------------+
| 2021-05-20 09:35:47.3 +0000 UTC | false                   |
| 2021-05-20 09:35:49.6 +0000 UTC | true                    |
+---------------------------------+-------------------------+


====== TEST DATA RESPONSE (arrow base64) ======
FRAME=QVJST1cxAAD/////yAEAABAAAAAAAAoADgAMAAsABAAKAAAAFAAAAAAAAAEDAAoADAAAAAgABAAKAAAACAAAAHQAAAADAAAATAAAACgAAAAEAAAAyP7//wgAAAAMAAAAAAAAAAAAAAAFAAAAcmVmSWQAAADo/v//CAAAAAwAAAABAAAAeAAAAAQAAABuYW1lAAAAAAj///8IAAAADAAAAAIAAAB7fQAABAAAAG1ldGEAAAAAAgAAALQAAAAEAAAAZv///xQAAAB4AAAAfAAAAAAABgF4AAAAAgAAADAAAAAEAAAAWP///wgAAAAUAAAACAAAAGV4aXRjb2RlAAAAAAQAAABuYW1lAAAAAID///8IAAAAIAAAABQAAAB7ImRpcmVjdGlvbiI6ImxlZnQifQAAAAAGAAAAbGFiZWxzAAAAAAAABAAEAAQAAAAIAAAAZXhpdGNvZGUAABIAGAAUABMAEgAMAAAACAAEABIAAAAUAAAARAAAAEwAAAAAAAoBTAAAAAEAAAAMAAAACAAMAAgABAAIAAAACAAAABAAAAAEAAAAVGltZQAAAAAEAAAAbmFtZQAAAAAAAAAAAAAGAAgABgAGAAAAAAADAAQAAABUaW1lAAAAAP////+4AAAAFAAAAAAAAAAMABYAFAATAAwABAAMAAAAGAAAAAAAAAAUAAAAAAAAAwMACgAYAAwACAAEAAoAAAAUAAAAWAAAAAIAAAAAAAAAAAAAAAQAAAAAAAAAAAAAAAAAAAAAAAAAAAAAAAAAAAAQAAAAAAAAABAAAAAAAAAAAAAAAAAAAAAQAAAAAAAAAAgAAAAAAAAAAAAAAAIAAAACAAAAAAAAAAAAAAAAAAAAAgAAAAAAAAAAAAAAAAAAAAC09z6yvIAWAJafCbO8gBYBAAAAAAAAABAAAAAMABQAEgAMAAgABAAMAAAAEAAAACwAAAA8AAAAAAADAAEAAADYAQAAAAAAAMAAAAAAAAAAGAAAAAAAAAAAAAAAAAAAAAAAAAAAAAoADAAAAAgABAAKAAAACAAAAHQAAAADAAAATAAAACgAAAAEAAAAyP7//wgAAAAMAAAAAAAAAAAAAAAFAAAAcmVmSWQAAADo/v//CAAAAAwAAAABAAAAeAAAAAQAAABuYW1lAAAAAAj///8IAAAADAAAAAIAAAB7fQAABAAAAG1ldGEAAAAAAgAAALQAAAAEAAAAZv///xQAAAB4AAAAfAAAAAAABgF4AAAAAgAAADAAAAAEAAAAWP///wgAAAAUAAAACAAAAGV4aXRjb2RlAAAAAAQAAABuYW1lAAAAAID///8IAAAAIAAAABQAAAB7ImRpcmVjdGlvbiI6ImxlZnQifQAAAAAGAAAAbGFiZWxzAAAAAAAABAAEAAQAAAAIAAAAZXhpdGNvZGUAABIAGAAUABMAEgAMAAAACAAEABIAAAAUAAAARAAAAEwAAAAAAAoBTAAAAAEAAAAMAAAACAAMAAgABAAIAAAACAAAABAAAAAEAAAAVGltZQAAAAAEAAAAbmFtZQAAAAAAAAAAAAAGAAgABgAGAAAAAAADAAQAAABUaW1lAAAAAPgBAABBUlJPVzE=
FRAME=QVJST1cxAAD/////qAEAABAAAAAAAAoADgAMAAsABAAKAAAAFAAAAAAAAAEDAAoADAAAAAgABAAKAAAACAAAAFAAAAACAAAAKAAAAAQAAADo/v//CAAAAAwAAAAAAAAAAAAAAAUAAAByZWZJZAAAAAj///8IAAAADAAAAAEAAAB4AAAABAAAAG5hbWUAAAAAAgAAALQAAAAEAAAAZv///xQAAAB4AAAAfAAAAAAABgF4AAAAAgAAADAAAAAEAAAAWP///wgAAAAUAAAACAAAAGV4aXRjb2RlAAAAAAQAAABuYW1lAAAAAID///8IAAAAIAAAABUAAAB7ImRpcmVjdGlvbiI6InJpZ2h0In0AAAAGAAAAbGFiZWxzAAAAAAAABAAEAAQAAAAIAAAAZXhpdGNvZGUAABIAGAAUABMAEgAMAAAACAAEABIAAAAUAAAARAAAAEwAAAAAAAoBTAAAAAEAAAAMAAAACAAMAAgABAAIAAAACAAAABAAAAAEAAAAVGltZQAAAAAEAAAAbmFtZQAAAAAAAAAAAAAGAAgABgAGAAAAAAADAAQAAABUaW1lAAAAAAAAAAD/////uAAAABQAAAAAAAAADAAWABQAEwAMAAQADAAAABgAAAAAAAAAFAAAAAAAAAMDAAoAGAAMAAgABAAKAAAAFAAAAFgAAAACAAAAAAAAAAAAAAAEAAAAAAAAAAAAAAAAAAAAAAAAAAAAAAAAAAAAEAAAAAAAAAAQAAAAAAAAAAAAAAAAAAAAEAAAAAAAAAAIAAAAAAAAAAAAAAACAAAAAgAAAAAAAAAAAAAAAAAAAAIAAAAAAAAAAAAAAAAAAAAAYewJtLyAFgCYA5O0vIAWAgAAAAAAAAAQAAAADAAUABIADAAIAAQADAAAABAAAAAsAAAAOAAAAAAAAwABAAAAuAEAAAAAAADAAAAAAAAAABgAAAAAAAAAAAAAAAAAAAAAAAoADAAAAAgABAAKAAAACAAAAFAAAAACAAAAKAAAAAQAAADo/v//CAAAAAwAAAAAAAAAAAAAAAUAAAByZWZJZAAAAAj///8IAAAADAAAAAEAAAB4AAAABAAAAG5hbWUAAAAAAgAAALQAAAAEAAAAZv///xQAAAB4AAAAfAAAAAAABgF4AAAAAgAAADAAAAAEAAAAWP///wgAAAAUAAAACAAAAGV4aXRjb2RlAAAAAAQAAABuYW1lAAAAAID///8IAAAAIAAAABUAAAB7ImRpcmVjdGlvbiI6InJpZ2h0In0AAAAGAAAAbGFiZWxzAAAAAAAABAAEAAQAAAAIAAAAZXhpdGNvZGUAABIAGAAUABMAEgAMAAAACAAEABIAAAAUAAAARAAAAEwAAAAAAAoBTAAAAAEAAAAMAAAACAAMAAgABAAIAAAACAAAABAAAAAEAAAAVGltZQAAAAAEAAAAbmFtZQAAAAAAAAAAAAAGAAgABgAGAAAAAAADAAQAAABUaW1lAAAAANABAABBUlJPVzE=
