ðŸŒŸ This was machine generated.  Do not edit. ðŸŒŸ

Frame[0] {}
Name: 
Dimensions: 4 Fields by 3 Rows
+-----------------------------------------+-----------------------------------------+-----------------------------------------+-----------------------------------------+
| Name: name                              | Name: id                                | Name: retentionPolicy                   | Name: retentionPeriod                   |
| Labels: organizationID=059b46a59abab000 | Labels: organizationID=059b46a59abab000 | Labels: organizationID=059b46a59abab000 | Labels: organizationID=059b46a59abab000 |
| Type: []*string                         | Type: []*string                         | Type: []*string                         | Type: []*int64                          |
+-----------------------------------------+-----------------------------------------+-----------------------------------------+-----------------------------------------+
| grafana                                 | 059b46a59abab001                        | null                                    | 604800000000000                         |
| _tasks                                  | 059b46a59abab002                        | null                                    | 259200000000000                         |
| _monitoring                             | 059b46a59abab003                        | null                                    | 604800000000000                         |
+-----------------------------------------+-----------------------------------------+-----------------------------------------+-----------------------------------------+


====== TEST DATA RESPONSE (arrow base64) ======
FRAME=QVJST1cxAAD/////gAMAABAAAAAAAAoADgAMAAsABAAKAAAAFAAAAAAAAAEDAAoADAAAAAgABAAKAAAACAAAAHQAAAADAAAATAAAACgAAAAEAAAAKP3//wgAAAAMAAAAAAAAAAAAAAAFAAAAcmVmSWQAAABI/f//CAAAAAwAAAAAAAAAAAAAAAQAAABuYW1lAAAAAGj9//8IAAAADAAAAAIAAAB7fQAABAAAAG1ldGEAAAAABAAAACwCAAB8AQAAyAAAAAQAAAD2/f//FAAAAIwAAACUAAAAAAACAZgAAAACAAAANAAAAAQAAADA/f//CAAAABgAAAAPAAAAcmV0ZW50aW9uUGVyaW9kAAQAAABuYW1lAAAAAOz9//8IAAAAMAAAACUAAAB7Im9yZ2FuaXphdGlvbklEIjoiMDU5YjQ2YTU5YWJhYjAwMCJ9AAAABgAAAGxhYmVscwAAAAAAAAgADAAIAAcACAAAAAAAAAFAAAAADwAAAHJldGVudGlvblBlcmlvZAC2/v//FAAAAIwAAACMAAAAAAAFAYgAAAACAAAANAAAAAQAAACA/v//CAAAABgAAAAPAAAAcmV0ZW50aW9uUG9saWN5AAQAAABuYW1lAAAAAKz+//8IAAAAMAAAACUAAAB7Im9yZ2FuaXphdGlvbklEIjoiMDU5YjQ2YTU5YWJhYjAwMCJ9AAAABgAAAGxhYmVscwAAAAAAAKT+//8PAAAAcmV0ZW50aW9uUG9saWN5AGb///8UAAAAgAAAAIAAAAAAAAUBfAAAAAIAAAAoAAAABAAAADD///8IAAAADAAAAAIAAABpZAAABAAAAG5hbWUAAAAAUP///wgAAAAwAAAAJQAAAHsib3JnYW5pemF0aW9uSUQiOiIwNTliNDZhNTlhYmFiMDAwIn0AAAAGAAAAbGFiZWxzAAAAAAAASP///wIAAABpZAAAAAASABgAFAATABIADAAAAAgABAASAAAAFAAAAIwAAACQAAAAAAAFAYwAAAACAAAANAAAAAQAAADc////CAAAABAAAAAEAAAAbmFtZQAAAAAEAAAAbmFtZQAAAAAIAAwACAAEAAgAAAAIAAAAMAAAACUAAAB7Im9yZ2FuaXphdGlvbklEIjoiMDU5YjQ2YTU5YWJhYjAwMCJ9AAAABgAAAGxhYmVscwAAAAAAAAQABAAEAAAABAAAAG5hbWUAAAAA/////0gBAAAUAAAAAAAAAAwAFgAUABMADAAEAAwAAACYAAAAAAAAABQAAAAAAAADAwAKABgADAAIAAQACgAAABQAAADIAAAAAwAAAAAAAAAAAAAACwAAAAAAAAAAAAAAAAAAAAAAAAAAAAAAAAAAABAAAAAAAAAAEAAAAAAAAAAYAAAAAAAAACgAAAAAAAAAAAAAAAAAAAAoAAAAAAAAABAAAAAAAAAAOAAAAAAAAAAwAAAAAAAAAGgAAAAAAAAACAAAAAAAAABwAAAAAAAAABAAAAAAAAAAgAAAAAAAAAAAAAAAAAAAAIAAAAAAAAAAAAAAAAAAAACAAAAAAAAAABgAAAAAAAAAAAAAAAQAAAADAAAAAAAAAAAAAAAAAAAAAwAAAAAAAAAAAAAAAAAAAAMAAAAAAAAAAwAAAAAAAAADAAAAAAAAAAAAAAAAAAAAAAAAAAcAAAANAAAAGAAAAGdyYWZhbmFfdGFza3NfbW9uaXRvcmluZwAAAAAQAAAAIAAAADAAAAAwNTliNDZhNTlhYmFiMDAxMDU5YjQ2YTU5YWJhYjAwMjA1OWI0NmE1OWFiYWIwMDMAAAAAAAAAAAAAAAAAAAAAAAAAAAAAAAAAACn5DyYCAAAA7bO96wAAAAAp+Q8mAgAQAAAADAAUABIADAAIAAQADAAAABAAAAAsAAAAPAAAAAAAAwABAAAAkAMAAAAAAABQAQAAAAAAAJgAAAAAAAAAAAAAAAAAAAAAAAAAAAAKAAwAAAAIAAQACgAAAAgAAAB0AAAAAwAAAEwAAAAoAAAABAAAACj9//8IAAAADAAAAAAAAAAAAAAABQAAAHJlZklkAAAASP3//wgAAAAMAAAAAAAAAAAAAAAEAAAAbmFtZQAAAABo/f//CAAAAAwAAAACAAAAe30AAAQAAABtZXRhAAAAAAQAAAAsAgAAfAEAAMgAAAAEAAAA9v3//xQAAACMAAAAlAAAAAAAAgGYAAAAAgAAADQAAAAEAAAAwP3//wgAAAAYAAAADwAAAHJldGVudGlvblBlcmlvZAAEAAAAbmFtZQAAAADs/f//CAAAADAAAAAlAAAAeyJvcmdhbml6YXRpb25JRCI6IjA1OWI0NmE1OWFiYWIwMDAifQAAAAYAAABsYWJlbHMAAAAAAAAIAAwACAAHAAgAAAAAAAABQAAAAA8AAAByZXRlbnRpb25QZXJpb2QAtv7//xQAAACMAAAAjAAAAAAABQGIAAAAAgAAADQAAAAEAAAAgP7//wgAAAAYAAAADwAAAHJldGVudGlvblBvbGljeQAEAAAAbmFtZQAAAACs/v//CAAAADAAAAAlAAAAeyJvcmdhbml6YXRpb25JRCI6IjA1OWI0NmE1OWFiYWIwMDAifQAAAAYAAABsYWJlbHMAAAAAAACk/v//DwAAAHJldGVudGlvblBvbGljeQBm////FAAAAIAAAACAAAAAAAAFAXwAAAACAAAAKAAAAAQAAAAw////CAAAAAwAAAACAAAAaWQAAAQAAABuYW1lAAAAAFD///8IAAAAMAAAACUAAAB7Im9yZ2FuaXphdGlvbklEIjoiMDU5YjQ2YTU5YWJhYjAwMCJ9AAAABgAAAGxhYmVscwAAAAAAAEj///8CAAAAaWQAAAAAEgAYABQAEwASAAwAAAAIAAQAEgAAABQAAACMAAAAkAAAAAAABQGMAAAAAgAAADQAAAAEAAAA3P///wgAAAAQAAAABAAAAG5hbWUAAAAABAAAAG5hbWUAAAAACAAMAAgABAAIAAAACAAAADAAAAAlAAAAeyJvcmdhbml6YXRpb25JRCI6IjA1OWI0NmE1OWFiYWIwMDAifQAAAAYAAABsYWJlbHMAAAAAAAAEAAQABAAAAAQAAABuYW1lAAAAALADAABBUlJPVzE=
