ðŸŒŸ This was machine generated.  Do not edit. ðŸŒŸ

Frame[0] {}
Name: test
Dimensions: 2 Fields by 2 Rows
+-----------------------------------------+-------------------------+
| Name: Time                              | Name: f                 |
| Labels:                                 | Labels: a=1, b=adsfasdf |
| Type: []*time.Time                      | Type: []*float64        |
+-----------------------------------------+-------------------------+
| 2020-02-18 10:34:08.135814545 +0000 UTC | 1.4                     |
| 2020-02-18 22:08:44.850214724 +0000 UTC | 6.6                     |
+-----------------------------------------+-------------------------+



Frame[1] 
Name: test
Dimensions: 2 Fields by 2 Rows
+-----------------------------------------+-------------------------+
| Name: Time                              | Name: i                 |
| Labels:                                 | Labels: a=1, b=adsfasdf |
| Type: []*time.Time                      | Type: []*int64          |
+-----------------------------------------+-------------------------+
| 2020-02-18 10:34:08.135814545 +0000 UTC | 4                       |
| 2020-02-18 22:08:44.850214724 +0000 UTC | -1                      |
+-----------------------------------------+-------------------------+



Frame[2] 
Name: test
Dimensions: 2 Fields by 2 Rows
+-----------------------------------------+-------------------------+
| Name: Time                              | Name: i                 |
| Labels:                                 | Labels: a=0, b=adsfasdf |
| Type: []*time.Time                      | Type: []*uint64         |
+-----------------------------------------+-------------------------+
| 2020-02-18 22:08:44.62797864 +0000 UTC  | 0                       |
| 2020-02-18 22:08:44.969100374 +0000 UTC | 2                       |
+-----------------------------------------+-------------------------+


====== TEST DATA RESPONSE (arrow base64) ======
FRAME=QVJST1cxAAD/////wAEAABAAAAAAAAoADgAMAAsABAAKAAAAFAAAAAAAAAEDAAoADAAAAAgABAAKAAAACAAAAHgAAAADAAAAUAAAACgAAAAEAAAA0P7//wgAAAAMAAAAAAAAAAAAAAAFAAAAcmVmSWQAAADw/v//CAAAABAAAAAEAAAAdGVzdAAAAAAEAAAAbmFtZQAAAAAU////CAAAAAwAAAACAAAAe30AAAQAAABtZXRhAAAAAAIAAACoAAAABAAAAHL///8UAAAAdAAAAHQAAAAAAAMBdAAAAAIAAAAoAAAABAAAAGT///8IAAAADAAAAAEAAABmAAAABAAAAG5hbWUAAAAAhP///wgAAAAkAAAAGAAAAHsiYSI6IjEiLCJiIjoiYWRzZmFzZGYifQAAAAAGAAAAbGFiZWxzAAAAAAAAjv///wAAAgABAAAAZgASABgAFAATABIADAAAAAgABAASAAAAFAAAAEQAAABMAAAAAAAKAUwAAAABAAAADAAAAAgADAAIAAQACAAAAAgAAAAQAAAABAAAAFRpbWUAAAAABAAAAG5hbWUAAAAAAAAAAAAABgAIAAYABgAAAAAAAwAEAAAAVGltZQAAAAD/////uAAAABQAAAAAAAAADAAWABQAEwAMAAQADAAAACAAAAAAAAAAFAAAAAAAAAMDAAoAGAAMAAgABAAKAAAAFAAAAFgAAAACAAAAAAAAAAAAAAAEAAAAAAAAAAAAAAAAAAAAAAAAAAAAAAAAAAAAEAAAAAAAAAAQAAAAAAAAAAAAAAAAAAAAEAAAAAAAAAAQAAAAAAAAAAAAAAACAAAAAgAAAAAAAAAAAAAAAAAAAAIAAAAAAAAAAAAAAAAAAACRnfi9q3j0FUR3uluTnvQVZmZmZmZm9j9mZmZmZmYaQBAAAAAMABQAEgAMAAgABAAMAAAAEAAAACwAAAA8AAAAAAADAAEAAADQAQAAAAAAAMAAAAAAAAAAIAAAAAAAAAAAAAAAAAAAAAAAAAAAAAoADAAAAAgABAAKAAAACAAAAHgAAAADAAAAUAAAACgAAAAEAAAA0P7//wgAAAAMAAAAAAAAAAAAAAAFAAAAcmVmSWQAAADw/v//CAAAABAAAAAEAAAAdGVzdAAAAAAEAAAAbmFtZQAAAAAU////CAAAAAwAAAACAAAAe30AAAQAAABtZXRhAAAAAAIAAACoAAAABAAAAHL///8UAAAAdAAAAHQAAAAAAAMBdAAAAAIAAAAoAAAABAAAAGT///8IAAAADAAAAAEAAABmAAAABAAAAG5hbWUAAAAAhP///wgAAAAkAAAAGAAAAHsiYSI6IjEiLCJiIjoiYWRzZmFzZGYifQAAAAAGAAAAbGFiZWxzAAAAAAAAjv///wAAAgABAAAAZgASABgAFAATABIADAAAAAgABAASAAAAFAAAAEQAAABMAAAAAAAKAUwAAAABAAAADAAAAAgADAAIAAQACAAAAAgAAAAQAAAABAAAAFRpbWUAAAAABAAAAG5hbWUAAAAAAAAAAAAABgAIAAYABgAAAAAAAwAEAAAAVGltZQAAAADwAQAAQVJST1cx
FRAME=QVJST1cxAAD/////qAEAABAAAAAAAAoADgAMAAsABAAKAAAAFAAAAAAAAAEDAAoADAAAAAgABAAKAAAACAAAAFQAAAACAAAAKAAAAAQAAADk/v//CAAAAAwAAAAAAAAAAAAAAAUAAAByZWZJZAAAAAT///8IAAAAEAAAAAQAAAB0ZXN0AAAAAAQAAABuYW1lAAAAAAIAAAC0AAAABAAAAGb///8UAAAAdAAAAHwAAAAAAAIBgAAAAAIAAAAoAAAABAAAAFj///8IAAAADAAAAAEAAABpAAAABAAAAG5hbWUAAAAAeP///wgAAAAkAAAAGAAAAHsiYSI6IjEiLCJiIjoiYWRzZmFzZGYifQAAAAAGAAAAbGFiZWxzAAAAAAAACAAMAAgABwAIAAAAAAAAAUAAAAABAAAAaQASABgAFAATABIADAAAAAgABAASAAAAFAAAAEQAAABMAAAAAAAKAUwAAAABAAAADAAAAAgADAAIAAQACAAAAAgAAAAQAAAABAAAAFRpbWUAAAAABAAAAG5hbWUAAAAAAAAAAAAABgAIAAYABgAAAAAAAwAEAAAAVGltZQAAAAD/////uAAAABQAAAAAAAAADAAWABQAEwAMAAQADAAAACAAAAAAAAAAFAAAAAAAAAMDAAoAGAAMAAgABAAKAAAAFAAAAFgAAAACAAAAAAAAAAAAAAAEAAAAAAAAAAAAAAAAAAAAAAAAAAAAAAAAAAAAEAAAAAAAAAAQAAAAAAAAAAAAAAAAAAAAEAAAAAAAAAAQAAAAAAAAAAAAAAACAAAAAgAAAAAAAAAAAAAAAAAAAAIAAAAAAAAAAAAAAAAAAACRnfi9q3j0FUR3uluTnvQVBAAAAAAAAAD//////////xAAAAAMABQAEgAMAAgABAAMAAAAEAAAACwAAAA8AAAAAAADAAEAAAC4AQAAAAAAAMAAAAAAAAAAIAAAAAAAAAAAAAAAAAAAAAAAAAAAAAoADAAAAAgABAAKAAAACAAAAFQAAAACAAAAKAAAAAQAAADk/v//CAAAAAwAAAAAAAAAAAAAAAUAAAByZWZJZAAAAAT///8IAAAAEAAAAAQAAAB0ZXN0AAAAAAQAAABuYW1lAAAAAAIAAAC0AAAABAAAAGb///8UAAAAdAAAAHwAAAAAAAIBgAAAAAIAAAAoAAAABAAAAFj///8IAAAADAAAAAEAAABpAAAABAAAAG5hbWUAAAAAeP///wgAAAAkAAAAGAAAAHsiYSI6IjEiLCJiIjoiYWRzZmFzZGYifQAAAAAGAAAAbGFiZWxzAAAAAAAACAAMAAgABwAIAAAAAAAAAUAAAAABAAAAaQASABgAFAATABIADAAAAAgABAASAAAAFAAAAEQAAABMAAAAAAAKAUwAAAABAAAADAAAAAgADAAIAAQACAAAAAgAAAAQAAAABAAAAFRpbWUAAAAABAAAAG5hbWUAAAAAAAAAAAAABgAIAAYABgAAAAAAAwAEAAAAVGltZQAAAADYAQAAQVJST1cx
FRAME=QVJST1cxAAD/////qAEAABAAAAAAAAoADgAMAAsABAAKAAAAFAAAAAAAAAEDAAoADAAAAAgABAAKAAAACAAAAFQAAAACAAAAKAAAAAQAAADo/v//CAAAAAwAAAAAAAAAAAAAAAUAAAByZWZJZAAAAAj///8IAAAAEAAAAAQAAAB0ZXN0AAAAAAQAAABuYW1lAAAAAAIAAACwAAAABAAAAGr///8UAAAAdAAAAHwAAAAAAAIBfAAAAAIAAAAoAAAABAAAAFz///8IAAAADAAAAAEAAABpAAAABAAAAG5hbWUAAAAAfP///wgAAAAkAAAAGAAAAHsiYSI6IjAiLCJiIjoiYWRzZmFzZGYifQAAAAAGAAAAbGFiZWxzAAAAAAAAAAAGAAgABAAGAAAAQAAAAAEAAABpABIAGAAUABMAEgAMAAAACAAEABIAAAAUAAAARAAAAEwAAAAAAAoBTAAAAAEAAAAMAAAACAAMAAgABAAIAAAACAAAABAAAAAEAAAAVGltZQAAAAAEAAAAbmFtZQAAAAAAAAAAAAAGAAgABgAGAAAAAAADAAQAAABUaW1lAAAAAAAAAAD/////uAAAABQAAAAAAAAADAAWABQAEwAMAAQADAAAACAAAAAAAAAAFAAAAAAAAAMDAAoAGAAMAAgABAAKAAAAFAAAAFgAAAACAAAAAAAAAAAAAAAEAAAAAAAAAAAAAAAAAAAAAAAAAAAAAAAAAAAAEAAAAAAAAAAQAAAAAAAAAAAAAAAAAAAAEAAAAAAAAAAQAAAAAAAAAAAAAAACAAAAAgAAAAAAAAAAAAAAAAAAAAIAAAAAAAAAAAAAAAAAAACQaXtOk570FVaE0GKTnvQVAAAAAAAAAAACAAAAAAAAABAAAAAMABQAEgAMAAgABAAMAAAAEAAAACwAAAA4AAAAAAADAAEAAAC4AQAAAAAAAMAAAAAAAAAAIAAAAAAAAAAAAAAAAAAAAAAACgAMAAAACAAEAAoAAAAIAAAAVAAAAAIAAAAoAAAABAAAAOj+//8IAAAADAAAAAAAAAAAAAAABQAAAHJlZklkAAAACP///wgAAAAQAAAABAAAAHRlc3QAAAAABAAAAG5hbWUAAAAAAgAAALAAAAAEAAAAav///xQAAAB0AAAAfAAAAAAAAgF8AAAAAgAAACgAAAAEAAAAXP///wgAAAAMAAAAAQAAAGkAAAAEAAAAbmFtZQAAAAB8////CAAAACQAAAAYAAAAeyJhIjoiMCIsImIiOiJhZHNmYXNkZiJ9AAAAAAYAAABsYWJlbHMAAAAAAAAAAAYACAAEAAYAAABAAAAAAQAAAGkAEgAYABQAEwASAAwAAAAIAAQAEgAAABQAAABEAAAATAAAAAAACgFMAAAAAQAAAAwAAAAIAAwACAAEAAgAAAAIAAAAEAAAAAQAAABUaW1lAAAAAAQAAABuYW1lAAAAAAAAAAAAAAYACAAGAAYAAAAAAAMABAAAAFRpbWUAAAAA0AEAAEFSUk9XMQ==
