ðŸŒŸ This was machine generated.  Do not edit. ðŸŒŸ

Frame[0] {}
Name: cpu
Dimensions: 3 Fields by 1 Rows
+---------------------------------------------------------------------------------------------------------------------------+---------------------------------------------------------------------------------------------------------------------------+---------------------------------------------------------------------------------------------------------------------------+
| Name: _time                                                                                                               | Name: _time2                                                                                                              | Name: _value                                                                                                              |
| Labels: _field=usage_guest, _start=2021-05-08 14:59:57 +0000 UTC, _stop=2021-05-08 15:00:57 +0000 UTC, cpu=cpu1, host=hst | Labels: _field=usage_guest, _start=2021-05-08 14:59:57 +0000 UTC, _stop=2021-05-08 15:00:57 +0000 UTC, cpu=cpu1, host=hst | Labels: _field=usage_guest, _start=2021-05-08 14:59:57 +0000 UTC, _stop=2021-05-08 15:00:57 +0000 UTC, cpu=cpu1, host=hst |
| Type: []*time.Time                                                                                                        | Type: []*time.Time                                                                                                        | Type: []*float64                                                                                                          |
+---------------------------------------------------------------------------------------------------------------------------+---------------------------------------------------------------------------------------------------------------------------+---------------------------------------------------------------------------------------------------------------------------+
| 2021-05-08 15:00:00 +0000 UTC                                                                                             | 2021-05-08 15:10:00 +0000 UTC                                                                                             | 0                                                                                                                         |
+---------------------------------------------------------------------------------------------------------------------------+---------------------------------------------------------------------------------------------------------------------------+---------------------------------------------------------------------------------------------------------------------------+



Frame[1] 
Name: cpu
Dimensions: 3 Fields by 1 Rows
+---------------------------------------------------------------------------------------------------------------------------+---------------------------------------------------------------------------------------------------------------------------+---------------------------------------------------------------------------------------------------------------------------+
| Name: _time                                                                                                               | Name: _time2                                                                                                              | Name: _value                                                                                                              |
| Labels: _field=usage_guest, _start=2021-05-08 14:59:57 +0000 UTC, _stop=2021-05-08 15:00:57 +0000 UTC, cpu=cpu2, host=hst | Labels: _field=usage_guest, _start=2021-05-08 14:59:57 +0000 UTC, _stop=2021-05-08 15:00:57 +0000 UTC, cpu=cpu2, host=hst | Labels: _field=usage_guest, _start=2021-05-08 14:59:57 +0000 UTC, _stop=2021-05-08 15:00:57 +0000 UTC, cpu=cpu2, host=hst |
| Type: []*time.Time                                                                                                        | Type: []*time.Time                                                                                                        | Type: []*float64                                                                                                          |
+---------------------------------------------------------------------------------------------------------------------------+---------------------------------------------------------------------------------------------------------------------------+---------------------------------------------------------------------------------------------------------------------------+
| 2021-05-08 15:00:00 +0000 UTC                                                                                             | 2021-05-08 15:10:00 +0000 UTC                                                                                             | 0                                                                                                                         |
+---------------------------------------------------------------------------------------------------------------------------+---------------------------------------------------------------------------------------------------------------------------+---------------------------------------------------------------------------------------------------------------------------+



Frame[2] 
Name: cpu
Dimensions: 3 Fields by 1 Rows
+--------------------------------------------------------------------------------------------------------------------------+--------------------------------------------------------------------------------------------------------------------------+--------------------------------------------------------------------------------------------------------------------------+
| Name: _time                                                                                                              | Name: _time2                                                                                                             | Name: _value                                                                                                             |
| Labels: _field=usage_idle, _start=2021-05-08 14:59:57 +0000 UTC, _stop=2021-05-08 15:00:57 +0000 UTC, cpu=cpu1, host=hst | Labels: _field=usage_idle, _start=2021-05-08 14:59:57 +0000 UTC, _stop=2021-05-08 15:00:57 +0000 UTC, cpu=cpu1, host=hst | Labels: _field=usage_idle, _start=2021-05-08 14:59:57 +0000 UTC, _stop=2021-05-08 15:00:57 +0000 UTC, cpu=cpu1, host=hst |
| Type: []*time.Time                                                                                                       | Type: []*time.Time                                                                                                       | Type: []*float64                                                                                                         |
+--------------------------------------------------------------------------------------------------------------------------+--------------------------------------------------------------------------------------------------------------------------+--------------------------------------------------------------------------------------------------------------------------+
| 2021-05-08 15:00:00 +0000 UTC                                                                                            | 2021-05-08 15:10:00 +0000 UTC                                                                                            | 98                                                                                                                       |
+--------------------------------------------------------------------------------------------------------------------------+--------------------------------------------------------------------------------------------------------------------------+--------------------------------------------------------------------------------------------------------------------------+



Frame[3] 
Name: cpu
Dimensions: 3 Fields by 1 Rows
+--------------------------------------------------------------------------------------------------------------------------+--------------------------------------------------------------------------------------------------------------------------+--------------------------------------------------------------------------------------------------------------------------+
| Name: _time                                                                                                              | Name: _time2                                                                                                             | Name: _value                                                                                                             |
| Labels: _field=usage_idle, _start=2021-05-08 14:59:57 +0000 UTC, _stop=2021-05-08 15:00:57 +0000 UTC, cpu=cpu2, host=hst | Labels: _field=usage_idle, _start=2021-05-08 14:59:57 +0000 UTC, _stop=2021-05-08 15:00:57 +0000 UTC, cpu=cpu2, host=hst | Labels: _field=usage_idle, _start=2021-05-08 14:59:57 +0000 UTC, _stop=2021-05-08 15:00:57 +0000 UTC, cpu=cpu2, host=hst |
| Type: []*time.Time                                                                                                       | Type: []*time.Time                                                                                                       | Type: []*float64                                                                                                         |
+--------------------------------------------------------------------------------------------------------------------------+--------------------------------------------------------------------------------------------------------------------------+--------------------------------------------------------------------------------------------------------------------------+
| 2021-05-08 15:00:00 +0000 UTC                                                                                            | 2021-05-08 15:10:00 +0000 UTC                                                                                            | 99                                                                                                                       |
+--------------------------------------------------------------------------------------------------------------------------+--------------------------------------------------------------------------------------------------------------------------+--------------------------------------------------------------------------------------------------------------------------+


====== TEST DATA RESPONSE (arrow base64) ======
FRAME=QVJST1cxAAD/////2AMAABAAAAAAAAoADgAMAAsABAAKAAAAFAAAAAAAAAEDAAoADAAAAAgABAAKAAAACAAAAHQAAAADAAAATAAAACgAAAAEAAAANP3//wgAAAAMAAAAAAAAAAAAAAAFAAAAcmVmSWQAAABU/f//CAAAAAwAAAADAAAAY3B1AAQAAABuYW1lAAAAAHT9//8IAAAADAAAAAIAAAB7fQAABAAAAG1ldGEAAAAAAwAAACACAAAIAQAABAAAAP79//8UAAAA4AAAAOAAAAAAAAMB4AAAAAIAAAAsAAAABAAAAMj9//8IAAAAEAAAAAYAAABfdmFsdWUAAAQAAABuYW1lAAAAAOz9//8IAAAAjAAAAIMAAAB7Il9maWVsZCI6InVzYWdlX2d1ZXN0IiwiX3N0YXJ0IjoiMjAyMS0wNS0wOCAxNDo1OTo1NyArMDAwMCBVVEMiLCJfc3RvcCI6IjIwMjEtMDUtMDggMTU6MDA6NTcgKzAwMDAgVVRDIiwiY3B1IjoiY3B1MSIsImhvc3QiOiJoc3QifQAGAAAAbGFiZWxzAAAAAAAA4v3//wAAAgAGAAAAX3ZhbHVlAAD+/v//FAAAAOAAAADgAAAAAAAKAeAAAAACAAAALAAAAAQAAADI/v//CAAAABAAAAAGAAAAX3RpbWUyAAAEAAAAbmFtZQAAAADs/v//CAAAAIwAAACDAAAAeyJfZmllbGQiOiJ1c2FnZV9ndWVzdCIsIl9zdGFydCI6IjIwMjEtMDUtMDggMTQ6NTk6NTcgKzAwMDAgVVRDIiwiX3N0b3AiOiIyMDIxLTA1LTA4IDE1OjAwOjU3ICswMDAwIFVUQyIsImNwdSI6ImNwdTEiLCJob3N0IjoiaHN0In0ABgAAAGxhYmVscwAAAAAAAOL+//8AAAMABgAAAF90aW1lMgAAAAASABgAFAATABIADAAAAAgABAASAAAAFAAAAOgAAADwAAAAAAAKAfAAAAACAAAANAAAAAQAAADc////CAAAABAAAAAFAAAAX3RpbWUAAAAEAAAAbmFtZQAAAAAIAAwACAAEAAgAAAAIAAAAjAAAAIMAAAB7Il9maWVsZCI6InVzYWdlX2d1ZXN0IiwiX3N0YXJ0IjoiMjAyMS0wNS0wOCAxNDo1OTo1NyArMDAwMCBVVEMiLCJfc3RvcCI6IjIwMjEtMDUtMDggMTU6MDA6NTcgKzAwMDAgVVRDIiwiY3B1IjoiY3B1MSIsImhvc3QiOiJoc3QifQAGAAAAbGFiZWxzAAAAAAAAAAAGAAgABgAGAAAAAAADAAUAAABfdGltZQAAAP/////oAAAAFAAAAAAAAAAMABYAFAATAAwABAAMAAAAGAAAAAAAAAAUAAAAAAAAAwMACgAYAAwACAAEAAoAAAAUAAAAeAAAAAEAAAAAAAAAAAAAAAYAAAAAAAAAAAAAAAAAAAAAAAAAAAAAAAAAAAAIAAAAAAAAAAgAAAAAAAAAAAAAAAAAAAAIAAAAAAAAAAgAAAAAAAAAEAAAAAAAAAAAAAAAAAAAABAAAAAAAAAACAAAAAAAAAAAAAAAAwAAAAEAAAAAAAAAAAAAAAAAAAABAAAAAAAAAAAAAAAAAAAAAQAAAAAAAAAAAAAAAAAAAABgfmluH30WANBHHPoffRYAAAAAAAAAABAAAAAMABQAEgAMAAgABAAMAAAAEAAAACwAAAA8AAAAAAADAAEAAADoAwAAAAAAAPAAAAAAAAAAGAAAAAAAAAAAAAAAAAAAAAAAAAAAAAoADAAAAAgABAAKAAAACAAAAHQAAAADAAAATAAAACgAAAAEAAAANP3//wgAAAAMAAAAAAAAAAAAAAAFAAAAcmVmSWQAAABU/f//CAAAAAwAAAADAAAAY3B1AAQAAABuYW1lAAAAAHT9//8IAAAADAAAAAIAAAB7fQAABAAAAG1ldGEAAAAAAwAAACACAAAIAQAABAAAAP79//8UAAAA4AAAAOAAAAAAAAMB4AAAAAIAAAAsAAAABAAAAMj9//8IAAAAEAAAAAYAAABfdmFsdWUAAAQAAABuYW1lAAAAAOz9//8IAAAAjAAAAIMAAAB7Il9maWVsZCI6InVzYWdlX2d1ZXN0IiwiX3N0YXJ0IjoiMjAyMS0wNS0wOCAxNDo1OTo1NyArMDAwMCBVVEMiLCJfc3RvcCI6IjIwMjEtMDUtMDggMTU6MDA6NTcgKzAwMDAgVVRDIiwiY3B1IjoiY3B1MSIsImhvc3QiOiJoc3QifQAGAAAAbGFiZWxzAAAAAAAA4v3//wAAAgAGAAAAX3ZhbHVlAAD+/v//FAAAAOAAAADgAAAAAAAKAeAAAAACAAAALAAAAAQAAADI/v//CAAAABAAAAAGAAAAX3RpbWUyAAAEAAAAbmFtZQAAAADs/v//CAAAAIwAAACDAAAAeyJfZmllbGQiOiJ1c2FnZV9ndWVzdCIsIl9zdGFydCI6IjIwMjEtMDUtMDggMTQ6NTk6NTcgKzAwMDAgVVRDIiwiX3N0b3AiOiIyMDIxLTA1LTA4IDE1OjAwOjU3ICswMDAwIFVUQyIsImNwdSI6ImNwdTEiLCJob3N0IjoiaHN0In0ABgAAAGxhYmVscwAAAAAAAOL+//8AAAMABgAAAF90aW1lMgAAAAASABgAFAATABIADAAAAAgABAASAAAAFAAAAOgAAADwAAAAAAAKAfAAAAACAAAANAAAAAQAAADc////CAAAABAAAAAFAAAAX3RpbWUAAAAEAAAAbmFtZQAAAAAIAAwACAAEAAgAAAAIAAAAjAAAAIMAAAB7Il9maWVsZCI6InVzYWdlX2d1ZXN0IiwiX3N0YXJ0IjoiMjAyMS0wNS0wOCAxNDo1OTo1NyArMDAwMCBVVEMiLCJfc3RvcCI6IjIwMjEtMDUtMDggMTU6MDA6NTcgKzAwMDAgVVRDIiwiY3B1IjoiY3B1MSIsImhvc3QiOiJoc3QifQAGAAAAbGFiZWxzAAAAAAAAAAAGAAgABgAGAAAAAAADAAUAAABfdGltZQAAAAgEAABBUlJPVzE=
FRAME=QVJST1cxAAD/////uAMAABAAAAAAAAoADgAMAAsABAAKAAAAFAAAAAAAAAEDAAoADAAAAAgABAAKAAAACAAAAFAAAAACAAAAKAAAAAQAAABU/f//CAAAAAwAAAAAAAAAAAAAAAUAAAByZWZJZAAAAHT9//8IAAAADAAAAAMAAABjcHUABAAAAG5hbWUAAAAAAwAAACACAAAIAQAABAAAAP79//8UAAAA4AAAAOAAAAAAAAMB4AAAAAIAAAAsAAAABAAAAMj9//8IAAAAEAAAAAYAAABfdmFsdWUAAAQAAABuYW1lAAAAAOz9//8IAAAAjAAAAIMAAAB7Il9maWVsZCI6InVzYWdlX2d1ZXN0IiwiX3N0YXJ0IjoiMjAyMS0wNS0wOCAxNDo1OTo1NyArMDAwMCBVVEMiLCJfc3RvcCI6IjIwMjEtMDUtMDggMTU6MDA6NTcgKzAwMDAgVVRDIiwiY3B1IjoiY3B1MiIsImhvc3QiOiJoc3QifQAGAAAAbGFiZWxzAAAAAAAA4v3//wAAAgAGAAAAX3ZhbHVlAAD+/v//FAAAAOAAAADgAAAAAAAKAeAAAAACAAAALAAAAAQAAADI/v//CAAAABAAAAAGAAAAX3RpbWUyAAAEAAAAbmFtZQAAAADs/v//CAAAAIwAAACDAAAAeyJfZmllbGQiOiJ1c2FnZV9ndWVzdCIsIl9zdGFydCI6IjIwMjEtMDUtMDggMTQ6NTk6NTcgKzAwMDAgVVRDIiwiX3N0b3AiOiIyMDIxLTA1LTA4IDE1OjAwOjU3ICswMDAwIFVUQyIsImNwdSI6ImNwdTIiLCJob3N0IjoiaHN0In0ABgAAAGxhYmVscwAAAAAAAOL+//8AAAMABgAAAF90aW1lMgAAAAASABgAFAATABIADAAAAAgABAASAAAAFAAAAOgAAADwAAAAAAAKAfAAAAACAAAANAAAAAQAAADc////CAAAABAAAAAFAAAAX3RpbWUAAAAEAAAAbmFtZQAAAAAIAAwACAAEAAgAAAAIAAAAjAAAAIMAAAB7Il9maWVsZCI6InVzYWdlX2d1ZXN0IiwiX3N0YXJ0IjoiMjAyMS0wNS0wOCAxNDo1OTo1NyArMDAwMCBVVEMiLCJfc3RvcCI6IjIwMjEtMDUtMDggMTU6MDA6NTcgKzAwMDAgVVRDIiwiY3B1IjoiY3B1MiIsImhvc3QiOiJoc3QifQAGAAAAbGFiZWxzAAAAAAAAAAAGAAgABgAGAAAAAAADAAUAAABfdGltZQAAAAAAAAD/////6AAAABQAAAAAAAAADAAWABQAEwAMAAQADAAAABgAAAAAAAAAFAAAAAAAAAMDAAoAGAAMAAgABAAKAAAAFAAAAHgAAAABAAAAAAAAAAAAAAAGAAAAAAAAAAAAAAAAAAAAAAAAAAAAAAAAAAAACAAAAAAAAAAIAAAAAAAAAAAAAAAAAAAACAAAAAAAAAAIAAAAAAAAABAAAAAAAAAAAAAAAAAAAAAQAAAAAAAAAAgAAAAAAAAAAAAAAAMAAAABAAAAAAAAAAAAAAAAAAAAAQAAAAAAAAAAAAAAAAAAAAEAAAAAAAAAAAAAAAAAAAAAYH5pbh99FgDQRxz6H30WAAAAAAAAAAAQAAAADAAUABIADAAIAAQADAAAABAAAAAsAAAAOAAAAAAAAwABAAAAyAMAAAAAAADwAAAAAAAAABgAAAAAAAAAAAAAAAAAAAAAAAoADAAAAAgABAAKAAAACAAAAFAAAAACAAAAKAAAAAQAAABU/f//CAAAAAwAAAAAAAAAAAAAAAUAAAByZWZJZAAAAHT9//8IAAAADAAAAAMAAABjcHUABAAAAG5hbWUAAAAAAwAAACACAAAIAQAABAAAAP79//8UAAAA4AAAAOAAAAAAAAMB4AAAAAIAAAAsAAAABAAAAMj9//8IAAAAEAAAAAYAAABfdmFsdWUAAAQAAABuYW1lAAAAAOz9//8IAAAAjAAAAIMAAAB7Il9maWVsZCI6InVzYWdlX2d1ZXN0IiwiX3N0YXJ0IjoiMjAyMS0wNS0wOCAxNDo1OTo1NyArMDAwMCBVVEMiLCJfc3RvcCI6IjIwMjEtMDUtMDggMTU6MDA6NTcgKzAwMDAgVVRDIiwiY3B1IjoiY3B1MiIsImhvc3QiOiJoc3QifQAGAAAAbGFiZWxzAAAAAAAA4v3//wAAAgAGAAAAX3ZhbHVlAAD+/v//FAAAAOAAAADgAAAAAAAKAeAAAAACAAAALAAAAAQAAADI/v//CAAAABAAAAAGAAAAX3RpbWUyAAAEAAAAbmFtZQAAAADs/v//CAAAAIwAAACDAAAAeyJfZmllbGQiOiJ1c2FnZV9ndWVzdCIsIl9zdGFydCI6IjIwMjEtMDUtMDggMTQ6NTk6NTcgKzAwMDAgVVRDIiwiX3N0b3AiOiIyMDIxLTA1LTA4IDE1OjAwOjU3ICswMDAwIFVUQyIsImNwdSI6ImNwdTIiLCJob3N0IjoiaHN0In0ABgAAAGxhYmVscwAAAAAAAOL+//8AAAMABgAAAF90aW1lMgAAAAASABgAFAATABIADAAAAAgABAASAAAAFAAAAOgAAADwAAAAAAAKAfAAAAACAAAANAAAAAQAAADc////CAAAABAAAAAFAAAAX3RpbWUAAAAEAAAAbmFtZQAAAAAIAAwACAAEAAgAAAAIAAAAjAAAAIMAAAB7Il9maWVsZCI6InVzYWdlX2d1ZXN0IiwiX3N0YXJ0IjoiMjAyMS0wNS0wOCAxNDo1OTo1NyArMDAwMCBVVEMiLCJfc3RvcCI6IjIwMjEtMDUtMDggMTU6MDA6NTcgKzAwMDAgVVRDIiwiY3B1IjoiY3B1MiIsImhvc3QiOiJoc3QifQAGAAAAbGFiZWxzAAAAAAAAAAAGAAgABgAGAAAAAAADAAUAAABfdGltZQAAAOADAABBUlJPVzE=
FRAME=QVJST1cxAAD/////uAMAABAAAAAAAAoADgAMAAsABAAKAAAAFAAAAAAAAAEDAAoADAAAAAgABAAKAAAACAAAAFAAAAACAAAAKAAAAAQAAABU/f//CAAAAAwAAAAAAAAAAAAAAAUAAAByZWZJZAAAAHT9//8IAAAADAAAAAMAAABjcHUABAAAAG5hbWUAAAAAAwAAACACAAAIAQAABAAAAP79//8UAAAA4AAAAOAAAAAAAAMB4AAAAAIAAAAsAAAABAAAAMj9//8IAAAAEAAAAAYAAABfdmFsdWUAAAQAAABuYW1lAAAAAOz9//8IAAAAjAAAAIIAAAB7Il9maWVsZCI6InVzYWdlX2lkbGUiLCJfc3RhcnQiOiIyMDIxLTA1LTA4IDE0OjU5OjU3ICswMDAwIFVUQyIsIl9zdG9wIjoiMjAyMS0wNS0wOCAxNTowMDo1NyArMDAwMCBVVEMiLCJjcHUiOiJjcHUxIiwiaG9zdCI6ImhzdCJ9AAAGAAAAbGFiZWxzAAAAAAAA4v3//wAAAgAGAAAAX3ZhbHVlAAD+/v//FAAAAOAAAADgAAAAAAAKAeAAAAACAAAALAAAAAQAAADI/v//CAAAABAAAAAGAAAAX3RpbWUyAAAEAAAAbmFtZQAAAADs/v//CAAAAIwAAACCAAAAeyJfZmllbGQiOiJ1c2FnZV9pZGxlIiwiX3N0YXJ0IjoiMjAyMS0wNS0wOCAxNDo1OTo1NyArMDAwMCBVVEMiLCJfc3RvcCI6IjIwMjEtMDUtMDggMTU6MDA6NTcgKzAwMDAgVVRDIiwiY3B1IjoiY3B1MSIsImhvc3QiOiJoc3QifQAABgAAAGxhYmVscwAAAAAAAOL+//8AAAMABgAAAF90aW1lMgAAAAASABgAFAATABIADAAAAAgABAASAAAAFAAAAOgAAADwAAAAAAAKAfAAAAACAAAANAAAAAQAAADc////CAAAABAAAAAFAAAAX3RpbWUAAAAEAAAAbmFtZQAAAAAIAAwACAAEAAgAAAAIAAAAjAAAAIIAAAB7Il9maWVsZCI6InVzYWdlX2lkbGUiLCJfc3RhcnQiOiIyMDIxLTA1LTA4IDE0OjU5OjU3ICswMDAwIFVUQyIsIl9zdG9wIjoiMjAyMS0wNS0wOCAxNTowMDo1NyArMDAwMCBVVEMiLCJjcHUiOiJjcHUxIiwiaG9zdCI6ImhzdCJ9AAAGAAAAbGFiZWxzAAAAAAAAAAAGAAgABgAGAAAAAAADAAUAAABfdGltZQAAAAAAAAD/////6AAAABQAAAAAAAAADAAWABQAEwAMAAQADAAAABgAAAAAAAAAFAAAAAAAAAMDAAoAGAAMAAgABAAKAAAAFAAAAHgAAAABAAAAAAAAAAAAAAAGAAAAAAAAAAAAAAAAAAAAAAAAAAAAAAAAAAAACAAAAAAAAAAIAAAAAAAAAAAAAAAAAAAACAAAAAAAAAAIAAAAAAAAABAAAAAAAAAAAAAAAAAAAAAQAAAAAAAAAAgAAAAAAAAAAAAAAAMAAAABAAAAAAAAAAAAAAAAAAAAAQAAAAAAAAAAAAAAAAAAAAEAAAAAAAAAAAAAAAAAAAAAYH5pbh99FgDQRxz6H30WAAAAAACAWEAQAAAADAAUABIADAAIAAQADAAAABAAAAAsAAAAOAAAAAAAAwABAAAAyAMAAAAAAADwAAAAAAAAABgAAAAAAAAAAAAAAAAAAAAAAAoADAAAAAgABAAKAAAACAAAAFAAAAACAAAAKAAAAAQAAABU/f//CAAAAAwAAAAAAAAAAAAAAAUAAAByZWZJZAAAAHT9//8IAAAADAAAAAMAAABjcHUABAAAAG5hbWUAAAAAAwAAACACAAAIAQAABAAAAP79//8UAAAA4AAAAOAAAAAAAAMB4AAAAAIAAAAsAAAABAAAAMj9//8IAAAAEAAAAAYAAABfdmFsdWUAAAQAAABuYW1lAAAAAOz9//8IAAAAjAAAAIIAAAB7Il9maWVsZCI6InVzYWdlX2lkbGUiLCJfc3RhcnQiOiIyMDIxLTA1LTA4IDE0OjU5OjU3ICswMDAwIFVUQyIsIl9zdG9wIjoiMjAyMS0wNS0wOCAxNTowMDo1NyArMDAwMCBVVEMiLCJjcHUiOiJjcHUxIiwiaG9zdCI6ImhzdCJ9AAAGAAAAbGFiZWxzAAAAAAAA4v3//wAAAgAGAAAAX3ZhbHVlAAD+/v//FAAAAOAAAADgAAAAAAAKAeAAAAACAAAALAAAAAQAAADI/v//CAAAABAAAAAGAAAAX3RpbWUyAAAEAAAAbmFtZQAAAADs/v//CAAAAIwAAACCAAAAeyJfZmllbGQiOiJ1c2FnZV9pZGxlIiwiX3N0YXJ0IjoiMjAyMS0wNS0wOCAxNDo1OTo1NyArMDAwMCBVVEMiLCJfc3RvcCI6IjIwMjEtMDUtMDggMTU6MDA6NTcgKzAwMDAgVVRDIiwiY3B1IjoiY3B1MSIsImhvc3QiOiJoc3QifQAABgAAAGxhYmVscwAAAAAAAOL+//8AAAMABgAAAF90aW1lMgAAAAASABgAFAATABIADAAAAAgABAASAAAAFAAAAOgAAADwAAAAAAAKAfAAAAACAAAANAAAAAQAAADc////CAAAABAAAAAFAAAAX3RpbWUAAAAEAAAAbmFtZQAAAAAIAAwACAAEAAgAAAAIAAAAjAAAAIIAAAB7Il9maWVsZCI6InVzYWdlX2lkbGUiLCJfc3RhcnQiOiIyMDIxLTA1LTA4IDE0OjU5OjU3ICswMDAwIFVUQyIsIl9zdG9wIjoiMjAyMS0wNS0wOCAxNTowMDo1NyArMDAwMCBVVEMiLCJjcHUiOiJjcHUxIiwiaG9zdCI6ImhzdCJ9AAAGAAAAbGFiZWxzAAAAAAAAAAAGAAgABgAGAAAAAAADAAUAAABfdGltZQAAAOADAABBUlJPVzE=
FRAME=QVJST1cxAAD/////uAMAABAAAAAAAAoADgAMAAsABAAKAAAAFAAAAAAAAAEDAAoADAAAAAgABAAKAAAACAAAAFAAAAACAAAAKAAAAAQAAABU/f//CAAAAAwAAAAAAAAAAAAAAAUAAAByZWZJZAAAAHT9//8IAAAADAAAAAMAAABjcHUABAAAAG5hbWUAAAAAAwAAACACAAAIAQAABAAAAP79//8UAAAA4AAAAOAAAAAAAAMB4AAAAAIAAAAsAAAABAAAAMj9//8IAAAAEAAAAAYAAABfdmFsdWUAAAQAAABuYW1lAAAAAOz9//8IAAAAjAAAAIIAAAB7Il9maWVsZCI6InVzYWdlX2lkbGUiLCJfc3RhcnQiOiIyMDIxLTA1LTA4IDE0OjU5OjU3ICswMDAwIFVUQyIsIl9zdG9wIjoiMjAyMS0wNS0wOCAxNTowMDo1NyArMDAwMCBVVEMiLCJjcHUiOiJjcHUyIiwiaG9zdCI6ImhzdCJ9AAAGAAAAbGFiZWxzAAAAAAAA4v3//wAAAgAGAAAAX3ZhbHVlAAD+/v//FAAAAOAAAADgAAAAAAAKAeAAAAACAAAALAAAAAQAAADI/v//CAAAABAAAAAGAAAAX3RpbWUyAAAEAAAAbmFtZQAAAADs/v//CAAAAIwAAACCAAAAeyJfZmllbGQiOiJ1c2FnZV9pZGxlIiwiX3N0YXJ0IjoiMjAyMS0wNS0wOCAxNDo1OTo1NyArMDAwMCBVVEMiLCJfc3RvcCI6IjIwMjEtMDUtMDggMTU6MDA6NTcgKzAwMDAgVVRDIiwiY3B1IjoiY3B1MiIsImhvc3QiOiJoc3QifQAABgAAAGxhYmVscwAAAAAAAOL+//8AAAMABgAAAF90aW1lMgAAAAASABgAFAATABIADAAAAAgABAASAAAAFAAAAOgAAADwAAAAAAAKAfAAAAACAAAANAAAAAQAAADc////CAAAABAAAAAFAAAAX3RpbWUAAAAEAAAAbmFtZQAAAAAIAAwACAAEAAgAAAAIAAAAjAAAAIIAAAB7Il9maWVsZCI6InVzYWdlX2lkbGUiLCJfc3RhcnQiOiIyMDIxLTA1LTA4IDE0OjU5OjU3ICswMDAwIFVUQyIsIl9zdG9wIjoiMjAyMS0wNS0wOCAxNTowMDo1NyArMDAwMCBVVEMiLCJjcHUiOiJjcHUyIiwiaG9zdCI6ImhzdCJ9AAAGAAAAbGFiZWxzAAAAAAAAAAAGAAgABgAGAAAAAAADAAUAAABfdGltZQAAAAAAAAD/////6AAAABQAAAAAAAAADAAWABQAEwAMAAQADAAAABgAAAAAAAAAFAAAAAAAAAMDAAoAGAAMAAgABAAKAAAAFAAAAHgAAAABAAAAAAAAAAAAAAAGAAAAAAAAAAAAAAAAAAAAAAAAAAAAAAAAAAAACAAAAAAAAAAIAAAAAAAAAAAAAAAAAAAACAAAAAAAAAAIAAAAAAAAABAAAAAAAAAAAAAAAAAAAAAQAAAAAAAAAAgAAAAAAAAAAAAAAAMAAAABAAAAAAAAAAAAAAAAAAAAAQAAAAAAAAAAAAAAAAAAAAEAAAAAAAAAAAAAAAAAAAAAYH5pbh99FgDQRxz6H30WAAAAAADAWEAQAAAADAAUABIADAAIAAQADAAAABAAAAAsAAAAOAAAAAAAAwABAAAAyAMAAAAAAADwAAAAAAAAABgAAAAAAAAAAAAAAAAAAAAAAAoADAAAAAgABAAKAAAACAAAAFAAAAACAAAAKAAAAAQAAABU/f//CAAAAAwAAAAAAAAAAAAAAAUAAAByZWZJZAAAAHT9//8IAAAADAAAAAMAAABjcHUABAAAAG5hbWUAAAAAAwAAACACAAAIAQAABAAAAP79//8UAAAA4AAAAOAAAAAAAAMB4AAAAAIAAAAsAAAABAAAAMj9//8IAAAAEAAAAAYAAABfdmFsdWUAAAQAAABuYW1lAAAAAOz9//8IAAAAjAAAAIIAAAB7Il9maWVsZCI6InVzYWdlX2lkbGUiLCJfc3RhcnQiOiIyMDIxLTA1LTA4IDE0OjU5OjU3ICswMDAwIFVUQyIsIl9zdG9wIjoiMjAyMS0wNS0wOCAxNTowMDo1NyArMDAwMCBVVEMiLCJjcHUiOiJjcHUyIiwiaG9zdCI6ImhzdCJ9AAAGAAAAbGFiZWxzAAAAAAAA4v3//wAAAgAGAAAAX3ZhbHVlAAD+/v//FAAAAOAAAADgAAAAAAAKAeAAAAACAAAALAAAAAQAAADI/v//CAAAABAAAAAGAAAAX3RpbWUyAAAEAAAAbmFtZQAAAADs/v//CAAAAIwAAACCAAAAeyJfZmllbGQiOiJ1c2FnZV9pZGxlIiwiX3N0YXJ0IjoiMjAyMS0wNS0wOCAxNDo1OTo1NyArMDAwMCBVVEMiLCJfc3RvcCI6IjIwMjEtMDUtMDggMTU6MDA6NTcgKzAwMDAgVVRDIiwiY3B1IjoiY3B1MiIsImhvc3QiOiJoc3QifQAABgAAAGxhYmVscwAAAAAAAOL+//8AAAMABgAAAF90aW1lMgAAAAASABgAFAATABIADAAAAAgABAASAAAAFAAAAOgAAADwAAAAAAAKAfAAAAACAAAANAAAAAQAAADc////CAAAABAAAAAFAAAAX3RpbWUAAAAEAAAAbmFtZQAAAAAIAAwACAAEAAgAAAAIAAAAjAAAAIIAAAB7Il9maWVsZCI6InVzYWdlX2lkbGUiLCJfc3RhcnQiOiIyMDIxLTA1LTA4IDE0OjU5OjU3ICswMDAwIFVUQyIsIl9zdG9wIjoiMjAyMS0wNS0wOCAxNTowMDo1NyArMDAwMCBVVEMiLCJjcHUiOiJjcHUyIiwiaG9zdCI6ImhzdCJ9AAAGAAAAbGFiZWxzAAAAAAAAAAAGAAgABgAGAAAAAAADAAUAAABfdGltZQAAAOADAABBUlJPVzE=
