ðŸŒŸ This was machine generated.  Do not edit. ðŸŒŸ

Frame[0] {}
Name: cpu
Dimensions: 3 Fields by 2 Rows
+-------------------------------+---------------------------------------------------------------------------------------------------------------------------+---------------------------------------------------------------------------------------------------------------------------+
| Name: _time                   | Name: _value                                                                                                              | Name: _value2                                                                                                             |
| Labels:                       | Labels: _field=usage_guest, _start=2021-05-08 08:03:17 +0000 UTC, _stop=2021-05-08 08:04:17 +0000 UTC, cpu=cpu1, host=hst | Labels: _field=usage_guest, _start=2021-05-08 08:03:17 +0000 UTC, _stop=2021-05-08 08:04:17 +0000 UTC, cpu=cpu1, host=hst |
| Type: []*time.Time            | Type: []*float64                                                                                                          | Type: []*float64                                                                                                          |
+-------------------------------+---------------------------------------------------------------------------------------------------------------------------+---------------------------------------------------------------------------------------------------------------------------+
| 2021-05-08 08:03:18 +0000 UTC | 0                                                                                                                         | 100                                                                                                                       |
| 2021-05-08 08:03:28 +0000 UTC | 0                                                                                                                         | 100                                                                                                                       |
+-------------------------------+---------------------------------------------------------------------------------------------------------------------------+---------------------------------------------------------------------------------------------------------------------------+



Frame[1] 
Name: cpu
Dimensions: 3 Fields by 2 Rows
+-------------------------------+--------------------------------------------------------------------------------------------------------------------------+--------------------------------------------------------------------------------------------------------------------------+
| Name: _time                   | Name: _value                                                                                                             | Name: _value2                                                                                                            |
| Labels:                       | Labels: _field=usage_idle, _start=2021-05-08 08:03:17 +0000 UTC, _stop=2021-05-08 08:04:17 +0000 UTC, cpu=cpu1, host=hst | Labels: _field=usage_idle, _start=2021-05-08 08:03:17 +0000 UTC, _stop=2021-05-08 08:04:17 +0000 UTC, cpu=cpu1, host=hst |
| Type: []*time.Time            | Type: []*float64                                                                                                         | Type: []*float64                                                                                                         |
+-------------------------------+--------------------------------------------------------------------------------------------------------------------------+--------------------------------------------------------------------------------------------------------------------------+
| 2021-05-08 08:03:18 +0000 UTC | 99                                                                                                                       | 1                                                                                                                        |
| 2021-05-08 08:03:28 +0000 UTC | 98                                                                                                                       | 2                                                                                                                        |
+-------------------------------+--------------------------------------------------------------------------------------------------------------------------+--------------------------------------------------------------------------------------------------------------------------+



Frame[2] 
Name: cpu
Dimensions: 3 Fields by 2 Rows
+-------------------------------+---------------------------------------------------------------------------------------------------------------------------+---------------------------------------------------------------------------------------------------------------------------+
| Name: _time                   | Name: _value                                                                                                              | Name: _value2                                                                                                             |
| Labels:                       | Labels: _field=usage_guest, _start=2021-05-08 08:03:17 +0000 UTC, _stop=2021-05-08 08:04:17 +0000 UTC, cpu=cpu2, host=hst | Labels: _field=usage_guest, _start=2021-05-08 08:03:17 +0000 UTC, _stop=2021-05-08 08:04:17 +0000 UTC, cpu=cpu2, host=hst |
| Type: []*time.Time            | Type: []*float64                                                                                                          | Type: []*float64                                                                                                          |
+-------------------------------+---------------------------------------------------------------------------------------------------------------------------+---------------------------------------------------------------------------------------------------------------------------+
| 2021-05-08 08:03:18 +0000 UTC | 0                                                                                                                         | 100                                                                                                                       |
| 2021-05-08 08:03:28 +0000 UTC | 0                                                                                                                         | 100                                                                                                                       |
+-------------------------------+---------------------------------------------------------------------------------------------------------------------------+---------------------------------------------------------------------------------------------------------------------------+



Frame[3] 
Name: cpu
Dimensions: 3 Fields by 2 Rows
+-------------------------------+--------------------------------------------------------------------------------------------------------------------------+--------------------------------------------------------------------------------------------------------------------------+
| Name: _time                   | Name: _value                                                                                                             | Name: _value2                                                                                                            |
| Labels:                       | Labels: _field=usage_idle, _start=2021-05-08 08:03:17 +0000 UTC, _stop=2021-05-08 08:04:17 +0000 UTC, cpu=cpu2, host=hst | Labels: _field=usage_idle, _start=2021-05-08 08:03:17 +0000 UTC, _stop=2021-05-08 08:04:17 +0000 UTC, cpu=cpu2, host=hst |
| Type: []*time.Time            | Type: []*float64                                                                                                         | Type: []*float64                                                                                                         |
+-------------------------------+--------------------------------------------------------------------------------------------------------------------------+--------------------------------------------------------------------------------------------------------------------------+
| 2021-05-08 08:03:18 +0000 UTC | 59                                                                                                                       | 41                                                                                                                       |
| 2021-05-08 08:03:28 +0000 UTC | 58                                                                                                                       | 42                                                                                                                       |
+-------------------------------+--------------------------------------------------------------------------------------------------------------------------+--------------------------------------------------------------------------------------------------------------------------+


====== TEST DATA RESPONSE (arrow base64) ======
FRAME=QVJST1cxAAD/////OAMAABAAAAAAAAoADgAMAAsABAAKAAAAFAAAAAAAAAEDAAoADAAAAAgABAAKAAAACAAAAHQAAAADAAAATAAAACgAAAAEAAAAXP3//wgAAAAMAAAAAAAAAAAAAAAFAAAAcmVmSWQAAAB8/f//CAAAAAwAAAADAAAAY3B1AAQAAABuYW1lAAAAAJz9//8IAAAADAAAAAIAAAB7fQAABAAAAG1ldGEAAAAAAwAAACACAAAIAQAABAAAAP79//8UAAAA4AAAAOAAAAAAAAMB4AAAAAIAAAAsAAAABAAAAPD9//8IAAAAEAAAAAcAAABfdmFsdWUyAAQAAABuYW1lAAAAABT+//8IAAAAjAAAAIMAAAB7Il9maWVsZCI6InVzYWdlX2d1ZXN0IiwiX3N0YXJ0IjoiMjAyMS0wNS0wOCAwODowMzoxNyArMDAwMCBVVEMiLCJfc3RvcCI6IjIwMjEtMDUtMDggMDg6MDQ6MTcgKzAwMDAgVVRDIiwiY3B1IjoiY3B1MSIsImhvc3QiOiJoc3QifQAGAAAAbGFiZWxzAAAAAAAAhv7//wAAAgAHAAAAX3ZhbHVlMgD+/v//FAAAAOAAAADgAAAAAAADAeAAAAACAAAALAAAAAQAAADw/v//CAAAABAAAAAGAAAAX3ZhbHVlAAAEAAAAbmFtZQAAAAAU////CAAAAIwAAACDAAAAeyJfZmllbGQiOiJ1c2FnZV9ndWVzdCIsIl9zdGFydCI6IjIwMjEtMDUtMDggMDg6MDM6MTcgKzAwMDAgVVRDIiwiX3N0b3AiOiIyMDIxLTA1LTA4IDA4OjA0OjE3ICswMDAwIFVUQyIsImNwdSI6ImNwdTEiLCJob3N0IjoiaHN0In0ABgAAAGxhYmVscwAAAAAAAIb///8AAAIABgAAAF92YWx1ZQAAAAASABgAFAATABIADAAAAAgABAASAAAAFAAAAEQAAABMAAAAAAAKAUwAAAABAAAADAAAAAgADAAIAAQACAAAAAgAAAAQAAAABQAAAF90aW1lAAAABAAAAG5hbWUAAAAAAAAAAAAABgAIAAYABgAAAAAAAwAFAAAAX3RpbWUAAAAAAAAA/////+gAAAAUAAAAAAAAAAwAFgAUABMADAAEAAwAAAAwAAAAAAAAABQAAAAAAAADAwAKABgADAAIAAQACgAAABQAAAB4AAAAAgAAAAAAAAAAAAAABgAAAAAAAAAAAAAAAAAAAAAAAAAAAAAAAAAAABAAAAAAAAAAEAAAAAAAAAAAAAAAAAAAABAAAAAAAAAAEAAAAAAAAAAgAAAAAAAAAAAAAAAAAAAAIAAAAAAAAAAQAAAAAAAAAAAAAAADAAAAAgAAAAAAAAAAAAAAAAAAAAIAAAAAAAAAAAAAAAAAAAACAAAAAAAAAAAAAAAAAAAAADwqLrEIfRYAIDaCswh9FgAAAAAAAAAAAAAAAAAAAAAAAAAAAABZQAAAAAAAAFlAEAAAAAwAFAASAAwACAAEAAwAAAAQAAAALAAAADgAAAAAAAMAAQAAAEgDAAAAAAAA8AAAAAAAAAAwAAAAAAAAAAAAAAAAAAAAAAAKAAwAAAAIAAQACgAAAAgAAAB0AAAAAwAAAEwAAAAoAAAABAAAAFz9//8IAAAADAAAAAAAAAAAAAAABQAAAHJlZklkAAAAfP3//wgAAAAMAAAAAwAAAGNwdQAEAAAAbmFtZQAAAACc/f//CAAAAAwAAAACAAAAe30AAAQAAABtZXRhAAAAAAMAAAAgAgAACAEAAAQAAAD+/f//FAAAAOAAAADgAAAAAAADAeAAAAACAAAALAAAAAQAAADw/f//CAAAABAAAAAHAAAAX3ZhbHVlMgAEAAAAbmFtZQAAAAAU/v//CAAAAIwAAACDAAAAeyJfZmllbGQiOiJ1c2FnZV9ndWVzdCIsIl9zdGFydCI6IjIwMjEtMDUtMDggMDg6MDM6MTcgKzAwMDAgVVRDIiwiX3N0b3AiOiIyMDIxLTA1LTA4IDA4OjA0OjE3ICswMDAwIFVUQyIsImNwdSI6ImNwdTEiLCJob3N0IjoiaHN0In0ABgAAAGxhYmVscwAAAAAAAIb+//8AAAIABwAAAF92YWx1ZTIA/v7//xQAAADgAAAA4AAAAAAAAwHgAAAAAgAAACwAAAAEAAAA8P7//wgAAAAQAAAABgAAAF92YWx1ZQAABAAAAG5hbWUAAAAAFP///wgAAACMAAAAgwAAAHsiX2ZpZWxkIjoidXNhZ2VfZ3Vlc3QiLCJfc3RhcnQiOiIyMDIxLTA1LTA4IDA4OjAzOjE3ICswMDAwIFVUQyIsIl9zdG9wIjoiMjAyMS0wNS0wOCAwODowNDoxNyArMDAwMCBVVEMiLCJjcHUiOiJjcHUxIiwiaG9zdCI6ImhzdCJ9AAYAAABsYWJlbHMAAAAAAACG////AAACAAYAAABfdmFsdWUAAAAAEgAYABQAEwASAAwAAAAIAAQAEgAAABQAAABEAAAATAAAAAAACgFMAAAAAQAAAAwAAAAIAAwACAAEAAgAAAAIAAAAEAAAAAUAAABfdGltZQAAAAQAAABuYW1lAAAAAAAAAAAAAAYACAAGAAYAAAAAAAMABQAAAF90aW1lAAAAYAMAAEFSUk9XMQ==
FRAME=QVJST1cxAAD/////EAMAABAAAAAAAAoADgAMAAsABAAKAAAAFAAAAAAAAAEDAAoADAAAAAgABAAKAAAACAAAAFAAAAACAAAAKAAAAAQAAAB8/f//CAAAAAwAAAAAAAAAAAAAAAUAAAByZWZJZAAAAJz9//8IAAAADAAAAAMAAABjcHUABAAAAG5hbWUAAAAAAwAAACACAAAIAQAABAAAAP79//8UAAAA4AAAAOAAAAAAAAMB4AAAAAIAAAAsAAAABAAAAPD9//8IAAAAEAAAAAcAAABfdmFsdWUyAAQAAABuYW1lAAAAABT+//8IAAAAjAAAAIIAAAB7Il9maWVsZCI6InVzYWdlX2lkbGUiLCJfc3RhcnQiOiIyMDIxLTA1LTA4IDA4OjAzOjE3ICswMDAwIFVUQyIsIl9zdG9wIjoiMjAyMS0wNS0wOCAwODowNDoxNyArMDAwMCBVVEMiLCJjcHUiOiJjcHUxIiwiaG9zdCI6ImhzdCJ9AAAGAAAAbGFiZWxzAAAAAAAAhv7//wAAAgAHAAAAX3ZhbHVlMgD+/v//FAAAAOAAAADgAAAAAAADAeAAAAACAAAALAAAAAQAAADw/v//CAAAABAAAAAGAAAAX3ZhbHVlAAAEAAAAbmFtZQAAAAAU////CAAAAIwAAACCAAAAeyJfZmllbGQiOiJ1c2FnZV9pZGxlIiwiX3N0YXJ0IjoiMjAyMS0wNS0wOCAwODowMzoxNyArMDAwMCBVVEMiLCJfc3RvcCI6IjIwMjEtMDUtMDggMDg6MDQ6MTcgKzAwMDAgVVRDIiwiY3B1IjoiY3B1MSIsImhvc3QiOiJoc3QifQAABgAAAGxhYmVscwAAAAAAAIb///8AAAIABgAAAF92YWx1ZQAAAAASABgAFAATABIADAAAAAgABAASAAAAFAAAAEQAAABMAAAAAAAKAUwAAAABAAAADAAAAAgADAAIAAQACAAAAAgAAAAQAAAABQAAAF90aW1lAAAABAAAAG5hbWUAAAAAAAAAAAAABgAIAAYABgAAAAAAAwAFAAAAX3RpbWUAAAD/////6AAAABQAAAAAAAAADAAWABQAEwAMAAQADAAAADAAAAAAAAAAFAAAAAAAAAMDAAoAGAAMAAgABAAKAAAAFAAAAHgAAAACAAAAAAAAAAAAAAAGAAAAAAAAAAAAAAAAAAAAAAAAAAAAAAAAAAAAEAAAAAAAAAAQAAAAAAAAAAAAAAAAAAAAEAAAAAAAAAAQAAAAAAAAACAAAAAAAAAAAAAAAAAAAAAgAAAAAAAAABAAAAAAAAAAAAAAAAMAAAACAAAAAAAAAAAAAAAAAAAAAgAAAAAAAAAAAAAAAAAAAAIAAAAAAAAAAAAAAAAAAAAAPCousQh9FgAgNoKzCH0WAAAAAADAWEAAAAAAAIBYQAAAAAAAAPA/AAAAAAAAAEAQAAAADAAUABIADAAIAAQADAAAABAAAAAsAAAAPAAAAAAAAwABAAAAIAMAAAAAAADwAAAAAAAAADAAAAAAAAAAAAAAAAAAAAAAAAAAAAAKAAwAAAAIAAQACgAAAAgAAABQAAAAAgAAACgAAAAEAAAAfP3//wgAAAAMAAAAAAAAAAAAAAAFAAAAcmVmSWQAAACc/f//CAAAAAwAAAADAAAAY3B1AAQAAABuYW1lAAAAAAMAAAAgAgAACAEAAAQAAAD+/f//FAAAAOAAAADgAAAAAAADAeAAAAACAAAALAAAAAQAAADw/f//CAAAABAAAAAHAAAAX3ZhbHVlMgAEAAAAbmFtZQAAAAAU/v//CAAAAIwAAACCAAAAeyJfZmllbGQiOiJ1c2FnZV9pZGxlIiwiX3N0YXJ0IjoiMjAyMS0wNS0wOCAwODowMzoxNyArMDAwMCBVVEMiLCJfc3RvcCI6IjIwMjEtMDUtMDggMDg6MDQ6MTcgKzAwMDAgVVRDIiwiY3B1IjoiY3B1MSIsImhvc3QiOiJoc3QifQAABgAAAGxhYmVscwAAAAAAAIb+//8AAAIABwAAAF92YWx1ZTIA/v7//xQAAADgAAAA4AAAAAAAAwHgAAAAAgAAACwAAAAEAAAA8P7//wgAAAAQAAAABgAAAF92YWx1ZQAABAAAAG5hbWUAAAAAFP///wgAAACMAAAAggAAAHsiX2ZpZWxkIjoidXNhZ2VfaWRsZSIsIl9zdGFydCI6IjIwMjEtMDUtMDggMDg6MDM6MTcgKzAwMDAgVVRDIiwiX3N0b3AiOiIyMDIxLTA1LTA4IDA4OjA0OjE3ICswMDAwIFVUQyIsImNwdSI6ImNwdTEiLCJob3N0IjoiaHN0In0AAAYAAABsYWJlbHMAAAAAAACG////AAACAAYAAABfdmFsdWUAAAAAEgAYABQAEwASAAwAAAAIAAQAEgAAABQAAABEAAAATAAAAAAACgFMAAAAAQAAAAwAAAAIAAwACAAEAAgAAAAIAAAAEAAAAAUAAABfdGltZQAAAAQAAABuYW1lAAAAAAAAAAAAAAYACAAGAAYAAAAAAAMABQAAAF90aW1lAAAAQAMAAEFSUk9XMQ==
FRAME=QVJST1cxAAD/////EAMAABAAAAAAAAoADgAMAAsABAAKAAAAFAAAAAAAAAEDAAoADAAAAAgABAAKAAAACAAAAFAAAAACAAAAKAAAAAQAAAB8/f//CAAAAAwAAAAAAAAAAAAAAAUAAAByZWZJZAAAAJz9//8IAAAADAAAAAMAAABjcHUABAAAAG5hbWUAAAAAAwAAACACAAAIAQAABAAAAP79//8UAAAA4AAAAOAAAAAAAAMB4AAAAAIAAAAsAAAABAAAAPD9//8IAAAAEAAAAAcAAABfdmFsdWUyAAQAAABuYW1lAAAAABT+//8IAAAAjAAAAIMAAAB7Il9maWVsZCI6InVzYWdlX2d1ZXN0IiwiX3N0YXJ0IjoiMjAyMS0wNS0wOCAwODowMzoxNyArMDAwMCBVVEMiLCJfc3RvcCI6IjIwMjEtMDUtMDggMDg6MDQ6MTcgKzAwMDAgVVRDIiwiY3B1IjoiY3B1MiIsImhvc3QiOiJoc3QifQAGAAAAbGFiZWxzAAAAAAAAhv7//wAAAgAHAAAAX3ZhbHVlMgD+/v//FAAAAOAAAADgAAAAAAADAeAAAAACAAAALAAAAAQAAADw/v//CAAAABAAAAAGAAAAX3ZhbHVlAAAEAAAAbmFtZQAAAAAU////CAAAAIwAAACDAAAAeyJfZmllbGQiOiJ1c2FnZV9ndWVzdCIsIl9zdGFydCI6IjIwMjEtMDUtMDggMDg6MDM6MTcgKzAwMDAgVVRDIiwiX3N0b3AiOiIyMDIxLTA1LTA4IDA4OjA0OjE3ICswMDAwIFVUQyIsImNwdSI6ImNwdTIiLCJob3N0IjoiaHN0In0ABgAAAGxhYmVscwAAAAAAAIb///8AAAIABgAAAF92YWx1ZQAAAAASABgAFAATABIADAAAAAgABAASAAAAFAAAAEQAAABMAAAAAAAKAUwAAAABAAAADAAAAAgADAAIAAQACAAAAAgAAAAQAAAABQAAAF90aW1lAAAABAAAAG5hbWUAAAAAAAAAAAAABgAIAAYABgAAAAAAAwAFAAAAX3RpbWUAAAD/////6AAAABQAAAAAAAAADAAWABQAEwAMAAQADAAAADAAAAAAAAAAFAAAAAAAAAMDAAoAGAAMAAgABAAKAAAAFAAAAHgAAAACAAAAAAAAAAAAAAAGAAAAAAAAAAAAAAAAAAAAAAAAAAAAAAAAAAAAEAAAAAAAAAAQAAAAAAAAAAAAAAAAAAAAEAAAAAAAAAAQAAAAAAAAACAAAAAAAAAAAAAAAAAAAAAgAAAAAAAAABAAAAAAAAAAAAAAAAMAAAACAAAAAAAAAAAAAAAAAAAAAgAAAAAAAAAAAAAAAAAAAAIAAAAAAAAAAAAAAAAAAAAAPCousQh9FgAgNoKzCH0WAAAAAAAAAAAAAAAAAAAAAAAAAAAAAFlAAAAAAAAAWUAQAAAADAAUABIADAAIAAQADAAAABAAAAAsAAAAPAAAAAAAAwABAAAAIAMAAAAAAADwAAAAAAAAADAAAAAAAAAAAAAAAAAAAAAAAAAAAAAKAAwAAAAIAAQACgAAAAgAAABQAAAAAgAAACgAAAAEAAAAfP3//wgAAAAMAAAAAAAAAAAAAAAFAAAAcmVmSWQAAACc/f//CAAAAAwAAAADAAAAY3B1AAQAAABuYW1lAAAAAAMAAAAgAgAACAEAAAQAAAD+/f//FAAAAOAAAADgAAAAAAADAeAAAAACAAAALAAAAAQAAADw/f//CAAAABAAAAAHAAAAX3ZhbHVlMgAEAAAAbmFtZQAAAAAU/v//CAAAAIwAAACDAAAAeyJfZmllbGQiOiJ1c2FnZV9ndWVzdCIsIl9zdGFydCI6IjIwMjEtMDUtMDggMDg6MDM6MTcgKzAwMDAgVVRDIiwiX3N0b3AiOiIyMDIxLTA1LTA4IDA4OjA0OjE3ICswMDAwIFVUQyIsImNwdSI6ImNwdTIiLCJob3N0IjoiaHN0In0ABgAAAGxhYmVscwAAAAAAAIb+//8AAAIABwAAAF92YWx1ZTIA/v7//xQAAADgAAAA4AAAAAAAAwHgAAAAAgAAACwAAAAEAAAA8P7//wgAAAAQAAAABgAAAF92YWx1ZQAABAAAAG5hbWUAAAAAFP///wgAAACMAAAAgwAAAHsiX2ZpZWxkIjoidXNhZ2VfZ3Vlc3QiLCJfc3RhcnQiOiIyMDIxLTA1LTA4IDA4OjAzOjE3ICswMDAwIFVUQyIsIl9zdG9wIjoiMjAyMS0wNS0wOCAwODowNDoxNyArMDAwMCBVVEMiLCJjcHUiOiJjcHUyIiwiaG9zdCI6ImhzdCJ9AAYAAABsYWJlbHMAAAAAAACG////AAACAAYAAABfdmFsdWUAAAAAEgAYABQAEwASAAwAAAAIAAQAEgAAABQAAABEAAAATAAAAAAACgFMAAAAAQAAAAwAAAAIAAwACAAEAAgAAAAIAAAAEAAAAAUAAABfdGltZQAAAAQAAABuYW1lAAAAAAAAAAAAAAYACAAGAAYAAAAAAAMABQAAAF90aW1lAAAAQAMAAEFSUk9XMQ==
FRAME=QVJST1cxAAD/////EAMAABAAAAAAAAoADgAMAAsABAAKAAAAFAAAAAAAAAEDAAoADAAAAAgABAAKAAAACAAAAFAAAAACAAAAKAAAAAQAAAB8/f//CAAAAAwAAAAAAAAAAAAAAAUAAAByZWZJZAAAAJz9//8IAAAADAAAAAMAAABjcHUABAAAAG5hbWUAAAAAAwAAACACAAAIAQAABAAAAP79//8UAAAA4AAAAOAAAAAAAAMB4AAAAAIAAAAsAAAABAAAAPD9//8IAAAAEAAAAAcAAABfdmFsdWUyAAQAAABuYW1lAAAAABT+//8IAAAAjAAAAIIAAAB7Il9maWVsZCI6InVzYWdlX2lkbGUiLCJfc3RhcnQiOiIyMDIxLTA1LTA4IDA4OjAzOjE3ICswMDAwIFVUQyIsIl9zdG9wIjoiMjAyMS0wNS0wOCAwODowNDoxNyArMDAwMCBVVEMiLCJjcHUiOiJjcHUyIiwiaG9zdCI6ImhzdCJ9AAAGAAAAbGFiZWxzAAAAAAAAhv7//wAAAgAHAAAAX3ZhbHVlMgD+/v//FAAAAOAAAADgAAAAAAADAeAAAAACAAAALAAAAAQAAADw/v//CAAAABAAAAAGAAAAX3ZhbHVlAAAEAAAAbmFtZQAAAAAU////CAAAAIwAAACCAAAAeyJfZmllbGQiOiJ1c2FnZV9pZGxlIiwiX3N0YXJ0IjoiMjAyMS0wNS0wOCAwODowMzoxNyArMDAwMCBVVEMiLCJfc3RvcCI6IjIwMjEtMDUtMDggMDg6MDQ6MTcgKzAwMDAgVVRDIiwiY3B1IjoiY3B1MiIsImhvc3QiOiJoc3QifQAABgAAAGxhYmVscwAAAAAAAIb///8AAAIABgAAAF92YWx1ZQAAAAASABgAFAATABIADAAAAAgABAASAAAAFAAAAEQAAABMAAAAAAAKAUwAAAABAAAADAAAAAgADAAIAAQACAAAAAgAAAAQAAAABQAAAF90aW1lAAAABAAAAG5hbWUAAAAAAAAAAAAABgAIAAYABgAAAAAAAwAFAAAAX3RpbWUAAAD/////6AAAABQAAAAAAAAADAAWABQAEwAMAAQADAAAADAAAAAAAAAAFAAAAAAAAAMDAAoAGAAMAAgABAAKAAAAFAAAAHgAAAACAAAAAAAAAAAAAAAGAAAAAAAAAAAAAAAAAAAAAAAAAAAAAAAAAAAAEAAAAAAAAAAQAAAAAAAAAAAAAAAAAAAAEAAAAAAAAAAQAAAAAAAAACAAAAAAAAAAAAAAAAAAAAAgAAAAAAAAABAAAAAAAAAAAAAAAAMAAAACAAAAAAAAAAAAAAAAAAAAAgAAAAAAAAAAAAAAAAAAAAIAAAAAAAAAAAAAAAAAAAAAPCousQh9FgAgNoKzCH0WAAAAAACATUAAAAAAAABNQAAAAAAAgERAAAAAAAAARUAQAAAADAAUABIADAAIAAQADAAAABAAAAAsAAAAPAAAAAAAAwABAAAAIAMAAAAAAADwAAAAAAAAADAAAAAAAAAAAAAAAAAAAAAAAAAAAAAKAAwAAAAIAAQACgAAAAgAAABQAAAAAgAAACgAAAAEAAAAfP3//wgAAAAMAAAAAAAAAAAAAAAFAAAAcmVmSWQAAACc/f//CAAAAAwAAAADAAAAY3B1AAQAAABuYW1lAAAAAAMAAAAgAgAACAEAAAQAAAD+/f//FAAAAOAAAADgAAAAAAADAeAAAAACAAAALAAAAAQAAADw/f//CAAAABAAAAAHAAAAX3ZhbHVlMgAEAAAAbmFtZQAAAAAU/v//CAAAAIwAAACCAAAAeyJfZmllbGQiOiJ1c2FnZV9pZGxlIiwiX3N0YXJ0IjoiMjAyMS0wNS0wOCAwODowMzoxNyArMDAwMCBVVEMiLCJfc3RvcCI6IjIwMjEtMDUtMDggMDg6MDQ6MTcgKzAwMDAgVVRDIiwiY3B1IjoiY3B1MiIsImhvc3QiOiJoc3QifQAABgAAAGxhYmVscwAAAAAAAIb+//8AAAIABwAAAF92YWx1ZTIA/v7//xQAAADgAAAA4AAAAAAAAwHgAAAAAgAAACwAAAAEAAAA8P7//wgAAAAQAAAABgAAAF92YWx1ZQAABAAAAG5hbWUAAAAAFP///wgAAACMAAAAggAAAHsiX2ZpZWxkIjoidXNhZ2VfaWRsZSIsIl9zdGFydCI6IjIwMjEtMDUtMDggMDg6MDM6MTcgKzAwMDAgVVRDIiwiX3N0b3AiOiIyMDIxLTA1LTA4IDA4OjA0OjE3ICswMDAwIFVUQyIsImNwdSI6ImNwdTIiLCJob3N0IjoiaHN0In0AAAYAAABsYWJlbHMAAAAAAACG////AAACAAYAAABfdmFsdWUAAAAAEgAYABQAEwASAAwAAAAIAAQAEgAAABQAAABEAAAATAAAAAAACgFMAAAAAQAAAAwAAAAIAAwACAAEAAgAAAAIAAAAEAAAAAUAAABfdGltZQAAAAQAAABuYW1lAAAAAAAAAAAAAAYACAAGAAYAAAAAAAMABQAAAF90aW1lAAAAQAMAAEFSUk9XMQ==
