ðŸŒŸ This was machine generated.  Do not edit. ðŸŒŸ

Frame[0] {}
Name: 
Dimensions: 2 Fields by 20 Rows
+-------------------------------+---------------------+
| Name: time                    | Name: MeanAggregate |
| Labels:                       | Labels:             |
| Type: []*time.Time            | Type: []*float64    |
+-------------------------------+---------------------+
| 2020-07-14 03:26:31 +0000 UTC | 0                   |
| 2020-07-14 03:26:32 +0000 UTC | 0                   |
| 2020-07-14 03:26:35 +0000 UTC | 0                   |
| 2020-07-14 03:29:33 +0000 UTC | 0                   |
| 2020-07-14 04:59:41 +0000 UTC | 29.38586956521739   |
| 2020-07-14 05:04:24 +0000 UTC | 0                   |
| 2020-07-14 05:04:25 +0000 UTC | 7.306756756756757   |
| 2020-07-14 05:04:26 +0000 UTC | 3.633736559139785   |
| 2020-07-14 05:04:27 +0000 UTC | 3.6143048128342246  |
| ...                           | ...                 |
+-------------------------------+---------------------+


====== TEST DATA RESPONSE (arrow base64) ======
FRAME=QVJST1cxAAD/////4AEAABAAAAAAAAoADgAMAAsABAAKAAAAFAAAAAAAAAEDAAoADAAAAAgABAAKAAAACAAAAHQAAAADAAAATAAAACgAAAAEAAAArP7//wgAAAAMAAAAAAAAAAAAAAAFAAAAcmVmSWQAAADM/v//CAAAAAwAAAAAAAAAAAAAAAQAAABuYW1lAAAAAOz+//8IAAAADAAAAAIAAAB7fQAABAAAAG1ldGEAAAAAAgAAAKgAAAAEAAAAcv///xQAAABoAAAAaAAAAAAAAwFoAAAAAgAAADQAAAAEAAAAPP///wgAAAAYAAAADQAAAE1lYW5BZ2dyZWdhdGUAAAAEAAAAbmFtZQAAAABo////CAAAAAwAAAACAAAAe30AAAYAAABsYWJlbHMAAAAAAABe////AAACAA0AAABNZWFuQWdncmVnYXRlABIAGAAUABMAEgAMAAAACAAEABIAAAAUAAAAaAAAAHAAAAAAAAoBcAAAAAIAAAA0AAAABAAAANz///8IAAAAEAAAAAQAAAB0aW1lAAAAAAQAAABuYW1lAAAAAAgADAAIAAQACAAAAAgAAAAMAAAAAgAAAHt9AAAGAAAAbGFiZWxzAAAAAAAAAAAGAAgABgAGAAAAAAADAAQAAAB0aW1lAAAAAP////+4AAAAFAAAAAAAAAAMABYAFAATAAwABAAMAAAAQAEAAAAAAAAUAAAAAAAAAwMACgAYAAwACAAEAAoAAAAUAAAAWAAAABQAAAAAAAAAAAAAAAQAAAAAAAAAAAAAAAAAAAAAAAAAAAAAAAAAAACgAAAAAAAAAKAAAAAAAAAAAAAAAAAAAACgAAAAAAAAAKAAAAAAAAAAAAAAAAIAAAAUAAAAAAAAAAAAAAAAAAAAFAAAAAAAAAAAAAAAAAAAAABG3mmlgCEWABB5paWAIRYAbklYpoAhFgDi6cnPgCEWACLV77qFIRYAcPLT/IUhFgA6jQ/9hSEWAAQoS/2FIRYAzsKG/YUhFgCYXcL9hSEWANpuH+KWIRYA2H0+ypshFgD2vhj/myEWAMBZVP+bIRYAivSP/5shFgBUj8v/myEWAB4qBwCcIRYA6MRCAJwhFgCyX34AnCEWAHz6uQCcIRYAAAAAAAAAAAAAAAAAAAAAAAAAAAAAAAAAAAAAAAAAAGQhC1nIYj1AAAAAAAAAAACiY3hxHjodQJJHHnnkEQ1A6i9HpBjqDEBicgUxucIMQKOOSNM4HABAxOt85r47IkAAAAAAAAAAAAAAAAAAAAAAAAAAAAAAAAAAAAAAAAAAAAAAAAAAAAAA142PiR4V+D9leRmkYy0AQDSBzl29KABAEAAAAAwAFAASAAwACAAEAAwAAAAQAAAALAAAADwAAAAAAAMAAQAAAPABAAAAAAAAwAAAAAAAAABAAQAAAAAAAAAAAAAAAAAAAAAAAAAACgAMAAAACAAEAAoAAAAIAAAAdAAAAAMAAABMAAAAKAAAAAQAAACs/v//CAAAAAwAAAAAAAAAAAAAAAUAAAByZWZJZAAAAMz+//8IAAAADAAAAAAAAAAAAAAABAAAAG5hbWUAAAAA7P7//wgAAAAMAAAAAgAAAHt9AAAEAAAAbWV0YQAAAAACAAAAqAAAAAQAAABy////FAAAAGgAAABoAAAAAAADAWgAAAACAAAANAAAAAQAAAA8////CAAAABgAAAANAAAATWVhbkFnZ3JlZ2F0ZQAAAAQAAABuYW1lAAAAAGj///8IAAAADAAAAAIAAAB7fQAABgAAAGxhYmVscwAAAAAAAF7///8AAAIADQAAAE1lYW5BZ2dyZWdhdGUAEgAYABQAEwASAAwAAAAIAAQAEgAAABQAAABoAAAAcAAAAAAACgFwAAAAAgAAADQAAAAEAAAA3P///wgAAAAQAAAABAAAAHRpbWUAAAAABAAAAG5hbWUAAAAACAAMAAgABAAIAAAACAAAAAwAAAACAAAAe30AAAYAAABsYWJlbHMAAAAAAAAAAAYACAAGAAYAAAAAAAMABAAAAHRpbWUAAAAAEAIAAEFSUk9XMQ==
