ðŸŒŸ This was machine generated.  Do not edit. ðŸŒŸ

Frame[0] {}
Name: test
Dimensions: 2 Fields by 2 Rows
+-----------------------------------------+-------------------------+
| Name: Time                              | Name: f                 |
| Labels:                                 | Labels: a=1, b=adsfasdf |
| Type: []*time.Time                      | Type: []*float64        |
+-----------------------------------------+-------------------------+
| 2020-02-18 10:34:08.135814545 +0000 UTC | 1.4                     |
| 2020-02-18 22:08:44.850214724 +0000 UTC | 6.6                     |
+-----------------------------------------+-------------------------+


====== TEST DATA RESPONSE (arrow base64) ======
FRAME=QVJST1cxAAD/////wAEAABAAAAAAAAoADgAMAAsABAAKAAAAFAAAAAAAAAEDAAoADAAAAAgABAAKAAAACAAAAHgAAAADAAAAUAAAACgAAAAEAAAA0P7//wgAAAAMAAAAAAAAAAAAAAAFAAAAcmVmSWQAAADw/v//CAAAABAAAAAEAAAAdGVzdAAAAAAEAAAAbmFtZQAAAAAU////CAAAAAwAAAACAAAAe30AAAQAAABtZXRhAAAAAAIAAACoAAAABAAAAHL///8UAAAAdAAAAHQAAAAAAAMBdAAAAAIAAAAoAAAABAAAAGT///8IAAAADAAAAAEAAABmAAAABAAAAG5hbWUAAAAAhP///wgAAAAkAAAAGAAAAHsiYSI6IjEiLCJiIjoiYWRzZmFzZGYifQAAAAAGAAAAbGFiZWxzAAAAAAAAjv///wAAAgABAAAAZgASABgAFAATABIADAAAAAgABAASAAAAFAAAAEQAAABMAAAAAAAKAUwAAAABAAAADAAAAAgADAAIAAQACAAAAAgAAAAQAAAABAAAAFRpbWUAAAAABAAAAG5hbWUAAAAAAAAAAAAABgAIAAYABgAAAAAAAwAEAAAAVGltZQAAAAD/////uAAAABQAAAAAAAAADAAWABQAEwAMAAQADAAAACAAAAAAAAAAFAAAAAAAAAMDAAoAGAAMAAgABAAKAAAAFAAAAFgAAAACAAAAAAAAAAAAAAAEAAAAAAAAAAAAAAAAAAAAAAAAAAAAAAAAAAAAEAAAAAAAAAAQAAAAAAAAAAAAAAAAAAAAEAAAAAAAAAAQAAAAAAAAAAAAAAACAAAAAgAAAAAAAAAAAAAAAAAAAAIAAAAAAAAAAAAAAAAAAACRnfi9q3j0FUR3uluTnvQVZmZmZmZm9j9mZmZmZmYaQBAAAAAMABQAEgAMAAgABAAMAAAAEAAAACwAAAA8AAAAAAADAAEAAADQAQAAAAAAAMAAAAAAAAAAIAAAAAAAAAAAAAAAAAAAAAAAAAAAAAoADAAAAAgABAAKAAAACAAAAHgAAAADAAAAUAAAACgAAAAEAAAA0P7//wgAAAAMAAAAAAAAAAAAAAAFAAAAcmVmSWQAAADw/v//CAAAABAAAAAEAAAAdGVzdAAAAAAEAAAAbmFtZQAAAAAU////CAAAAAwAAAACAAAAe30AAAQAAABtZXRhAAAAAAIAAACoAAAABAAAAHL///8UAAAAdAAAAHQAAAAAAAMBdAAAAAIAAAAoAAAABAAAAGT///8IAAAADAAAAAEAAABmAAAABAAAAG5hbWUAAAAAhP///wgAAAAkAAAAGAAAAHsiYSI6IjEiLCJiIjoiYWRzZmFzZGYifQAAAAAGAAAAbGFiZWxzAAAAAAAAjv///wAAAgABAAAAZgASABgAFAATABIADAAAAAgABAASAAAAFAAAAEQAAABMAAAAAAAKAUwAAAABAAAADAAAAAgADAAIAAQACAAAAAgAAAAQAAAABAAAAFRpbWUAAAAABAAAAG5hbWUAAAAAAAAAAAAABgAIAAYABgAAAAAAAwAEAAAAVGltZQAAAADwAQAAQVJST1cx
