ðŸŒŸ This was machine generated.  Do not edit. ðŸŒŸ

Frame[0] {}
Name: 
Dimensions: 1 Fields by 1 Rows
+--------------------------------------+
| Name: _value                         |
| Labels: _field=summary_serial_number |
| Type: []*int64                       |
+--------------------------------------+
| 6                                    |
+--------------------------------------+


====== TEST DATA RESPONSE (arrow base64) ======
FRAME=QVJST1cxAAD/////eAEAABAAAAAAAAoADgAMAAsABAAKAAAAFAAAAAAAAAEDAAoADAAAAAgABAAKAAAACAAAAHQAAAADAAAATAAAACgAAAAEAAAAPP///wgAAAAMAAAAAAAAAAAAAAAFAAAAcmVmSWQAAABc////CAAAAAwAAAAAAAAAAAAAAAQAAABuYW1lAAAAAHz///8IAAAADAAAAAIAAAB7fQAABAAAAG1ldGEAAAAAAQAAABgAAAAAABIAGAAUABMAEgAMAAAACAAEABIAAAAUAAAAiAAAAJAAAAAAAAIBlAAAAAIAAAA0AAAABAAAANz///8IAAAAEAAAAAYAAABfdmFsdWUAAAQAAABuYW1lAAAAAAgADAAIAAQACAAAAAgAAAAsAAAAIgAAAHsiX2ZpZWxkIjoic3VtbWFyeV9zZXJpYWxfbnVtYmVyIn0AAAYAAABsYWJlbHMAAAAAAAAIAAwACAAHAAgAAAAAAAABQAAAAAYAAABfdmFsdWUAAAAAAAD/////iAAAABQAAAAAAAAADAAWABQAEwAMAAQADAAAAAgAAAAAAAAAFAAAAAAAAAMDAAoAGAAMAAgABAAKAAAAFAAAADgAAAABAAAAAAAAAAAAAAACAAAAAAAAAAAAAAAAAAAAAAAAAAAAAAAAAAAACAAAAAAAAAAAAAAAAQAAAAEAAAAAAAAAAAAAAAAAAAAGAAAAAAAAABAAAAAMABQAEgAMAAgABAAMAAAAEAAAACwAAAA4AAAAAAADAAEAAACIAQAAAAAAAJAAAAAAAAAACAAAAAAAAAAAAAAAAAAAAAAACgAMAAAACAAEAAoAAAAIAAAAdAAAAAMAAABMAAAAKAAAAAQAAAA8////CAAAAAwAAAAAAAAAAAAAAAUAAAByZWZJZAAAAFz///8IAAAADAAAAAAAAAAAAAAABAAAAG5hbWUAAAAAfP///wgAAAAMAAAAAgAAAHt9AAAEAAAAbWV0YQAAAAABAAAAGAAAAAAAEgAYABQAEwASAAwAAAAIAAQAEgAAABQAAACIAAAAkAAAAAAAAgGUAAAAAgAAADQAAAAEAAAA3P///wgAAAAQAAAABgAAAF92YWx1ZQAABAAAAG5hbWUAAAAACAAMAAgABAAIAAAACAAAACwAAAAiAAAAeyJfZmllbGQiOiJzdW1tYXJ5X3NlcmlhbF9udW1iZXIifQAABgAAAGxhYmVscwAAAAAAAAgADAAIAAcACAAAAAAAAAFAAAAABgAAAF92YWx1ZQAAoAEAAEFSUk9XMQ==
