ðŸŒŸ This was machine generated.  Do not edit. ðŸŒŸ

Frame[0] {}
Name: 
Dimensions: 2 Fields by 1 Rows
+---------------------------------------+-------------------------+
| Name: Time                            | Name: Value             |
| Labels:                               | Labels: table=something |
| Type: []*time.Time                    | Type: []*int64          |
+---------------------------------------+-------------------------+
| 2021-02-05 14:03:04.7009051 +0000 UTC | 42                      |
+---------------------------------------+-------------------------+


====== TEST DATA RESPONSE (arrow base64) ======
FRAME=QVJST1cxAAD/////0AEAABAAAAAAAAoADgAMAAsABAAKAAAAFAAAAAAAAAEDAAoADAAAAAgABAAKAAAACAAAAHQAAAADAAAATAAAACgAAAAEAAAAxP7//wgAAAAMAAAAAAAAAAAAAAAFAAAAcmVmSWQAAADk/v//CAAAAAwAAAAAAAAAAAAAAAQAAABuYW1lAAAAAAT///8IAAAADAAAAAIAAAB7fQAABAAAAG1ldGEAAAAAAgAAALgAAAAEAAAAYv///xQAAAB0AAAAfAAAAAAAAgGAAAAAAgAAACwAAAAEAAAAVP///wgAAAAQAAAABQAAAFZhbHVlAAAABAAAAG5hbWUAAAAAeP///wgAAAAgAAAAFQAAAHsidGFibGUiOiJzb21ldGhpbmcifQAAAAYAAABsYWJlbHMAAAAAAAAIAAwACAAHAAgAAAAAAAABQAAAAAUAAABWYWx1ZQASABgAFAATABIADAAAAAgABAASAAAAFAAAAEQAAABMAAAAAAAKAUwAAAABAAAADAAAAAgADAAIAAQACAAAAAgAAAAQAAAABAAAAFRpbWUAAAAABAAAAG5hbWUAAAAAAAAAAAAABgAIAAYABgAAAAAAAwAEAAAAVGltZQAAAAAAAAAA/////7gAAAAUAAAAAAAAAAwAFgAUABMADAAEAAwAAAAQAAAAAAAAABQAAAAAAAADAwAKABgADAAIAAQACgAAABQAAABYAAAAAQAAAAAAAAAAAAAABAAAAAAAAAAAAAAAAAAAAAAAAAAAAAAAAAAAAAgAAAAAAAAACAAAAAAAAAAAAAAAAAAAAAgAAAAAAAAACAAAAAAAAAAAAAAAAgAAAAEAAAAAAAAAAAAAAAAAAAABAAAAAAAAAAAAAAAAAAAAjOZpAe/eYBYqAAAAAAAAABAAAAAMABQAEgAMAAgABAAMAAAAEAAAACwAAAA4AAAAAAADAAEAAADgAQAAAAAAAMAAAAAAAAAAEAAAAAAAAAAAAAAAAAAAAAAACgAMAAAACAAEAAoAAAAIAAAAdAAAAAMAAABMAAAAKAAAAAQAAADE/v//CAAAAAwAAAAAAAAAAAAAAAUAAAByZWZJZAAAAOT+//8IAAAADAAAAAAAAAAAAAAABAAAAG5hbWUAAAAABP///wgAAAAMAAAAAgAAAHt9AAAEAAAAbWV0YQAAAAACAAAAuAAAAAQAAABi////FAAAAHQAAAB8AAAAAAACAYAAAAACAAAALAAAAAQAAABU////CAAAABAAAAAFAAAAVmFsdWUAAAAEAAAAbmFtZQAAAAB4////CAAAACAAAAAVAAAAeyJ0YWJsZSI6InNvbWV0aGluZyJ9AAAABgAAAGxhYmVscwAAAAAAAAgADAAIAAcACAAAAAAAAAFAAAAABQAAAFZhbHVlABIAGAAUABMAEgAMAAAACAAEABIAAAAUAAAARAAAAEwAAAAAAAoBTAAAAAEAAAAMAAAACAAMAAgABAAIAAAACAAAABAAAAAEAAAAVGltZQAAAAAEAAAAbmFtZQAAAAAAAAAAAAAGAAgABgAGAAAAAAADAAQAAABUaW1lAAAAAPgBAABBUlJPVzE=
