ðŸŒŸ This was machine generated.  Do not edit. ðŸŒŸ

Frame[0] {}
Name: 
Dimensions: 2 Fields by 4 Rows
+-------------------------------+------------------+
| Name: Time                    | Name: Value      |
| Labels:                       | Labels:          |
| Type: []*time.Time            | Type: []*float64 |
+-------------------------------+------------------+
| 2021-06-01 10:34:37 +0000 UTC | 10               |
| 2021-06-01 10:34:47 +0000 UTC | 20               |
| 2021-06-01 10:34:57 +0000 UTC | 30               |
| 2021-06-01 10:35:07 +0000 UTC | 40               |
+-------------------------------+------------------+


====== TEST DATA RESPONSE (arrow base64) ======
FRAME=QVJST1cxAAD/////sAEAABAAAAAAAAoADgAMAAsABAAKAAAAFAAAAAAAAAEDAAoADAAAAAgABAAKAAAACAAAAHQAAAADAAAATAAAACgAAAAEAAAA5P7//wgAAAAMAAAAAAAAAAAAAAAFAAAAcmVmSWQAAAAE////CAAAAAwAAAAAAAAAAAAAAAQAAABuYW1lAAAAACT///8IAAAADAAAAAIAAAB7fQAABAAAAG1ldGEAAAAAAgAAAJgAAAAEAAAAgv///xQAAABgAAAAYAAAAAAAAwFgAAAAAgAAACwAAAAEAAAAdP///wgAAAAQAAAABQAAAFZhbHVlAAAABAAAAG5hbWUAAAAAmP///wgAAAAMAAAAAgAAAHt9AAAGAAAAbGFiZWxzAAAAAAAAiv///wAAAgAFAAAAVmFsdWUAEgAYABQAEwASAAwAAAAIAAQAEgAAABQAAABEAAAATAAAAAAACgFMAAAAAQAAAAwAAAAIAAwACAAEAAgAAAAIAAAAEAAAAAQAAABUaW1lAAAAAAQAAABuYW1lAAAAAAAAAAAAAAYACAAGAAYAAAAAAAMABAAAAFRpbWUAAAAAAAAAAP////+4AAAAFAAAAAAAAAAMABYAFAATAAwABAAMAAAAQAAAAAAAAAAUAAAAAAAAAwMACgAYAAwACAAEAAoAAAAUAAAAWAAAAAQAAAAAAAAAAAAAAAQAAAAAAAAAAAAAAAAAAAAAAAAAAAAAAAAAAAAgAAAAAAAAACAAAAAAAAAAAAAAAAAAAAAgAAAAAAAAACAAAAAAAAAAAAAAAAIAAAAEAAAAAAAAAAAAAAAAAAAABAAAAAAAAAAAAAAAAAAAAAAiJKzgboQWAAYwAONuhBYA6jtU5W6EFgDOR6jnboQWAAAAAAAAJEAAAAAAAAA0QAAAAAAAAD5AAAAAAAAAREAQAAAADAAUABIADAAIAAQADAAAABAAAAAsAAAAOAAAAAAAAwABAAAAwAEAAAAAAADAAAAAAAAAAEAAAAAAAAAAAAAAAAAAAAAAAAoADAAAAAgABAAKAAAACAAAAHQAAAADAAAATAAAACgAAAAEAAAA5P7//wgAAAAMAAAAAAAAAAAAAAAFAAAAcmVmSWQAAAAE////CAAAAAwAAAAAAAAAAAAAAAQAAABuYW1lAAAAACT///8IAAAADAAAAAIAAAB7fQAABAAAAG1ldGEAAAAAAgAAAJgAAAAEAAAAgv///xQAAABgAAAAYAAAAAAAAwFgAAAAAgAAACwAAAAEAAAAdP///wgAAAAQAAAABQAAAFZhbHVlAAAABAAAAG5hbWUAAAAAmP///wgAAAAMAAAAAgAAAHt9AAAGAAAAbGFiZWxzAAAAAAAAiv///wAAAgAFAAAAVmFsdWUAEgAYABQAEwASAAwAAAAIAAQAEgAAABQAAABEAAAATAAAAAAACgFMAAAAAQAAAAwAAAAIAAwACAAEAAgAAAAIAAAAEAAAAAQAAABUaW1lAAAAAAQAAABuYW1lAAAAAAAAAAAAAAYACAAGAAYAAAAAAAMABAAAAFRpbWUAAAAA2AEAAEFSUk9XMQ==
