// Jest Snapshot v1, https://goo.gl/fbAQLP

exports[`FolderPicker should render 1`] = `
<div
  aria-label="Folder picker select container"
>
  <AsyncSelect
    allowCustomValue={false}
    defaultOptions={true}
    defaultValue={null}
    loadOptions={[Function]}
    loadingMessage="Loading folders..."
    menuShouldPortal={true}
    onChange={[Function]}
    onCreateOption={[Function]}
    value={null}
  />
</div>
`;
