// Jest Snapshot v1, https://goo.gl/fbAQLP

exports[`ErrorContainer should render component 1`] = `
<FadeIn
  duration={100}
  in={true}
>
  <Alert
    className="css-x7g5ai"
    severity="error"
    title="Query error"
  >
    Error message
  </Alert>
</FadeIn>
`;
