// Jest Snapshot v1, https://goo.gl/fbAQLP

exports[`Explore should render component 1`] = `
<CustomScrollbar
  autoHeightMin="100%"
>
  <Connect(UnConnectedExploreToolbar)
    exploreId="left"
    onChangeTime={[Function]}
  />
  <div
    className="explore-container"
  >
    <div
      className="panel-container css-18dr9jf-queryContainer"
    >
      <QueryRows
        exploreId="left"
      />
      <SecondaryActions
        addQueryRowButtonDisabled={false}
        addQueryRowButtonHidden={false}
        onClickAddQueryRowButton={[Function]}
        onClickQueryInspectorButton={[Function]}
        onClickRichHistoryButton={[Function]}
        queryInspectorButtonActive={false}
        richHistoryButtonActive={false}
      />
      <ResponseErrorContainer
        exploreId="left"
      />
    </div>
    <AutoSizer
      disableHeight={true}
      disableWidth={false}
      onResize={[Function]}
      style={Object {}}
    >
      <Component />
    </AutoSizer>
  </div>
</CustomScrollbar>
`;
